
########## 编译尝试：主命令：-scheme JevJarvis + -derivedDataPath build/dd ##########
########## xcodebuild -project JevJarvis.xcodeproj -sdk iphoneos -configuration Release CODE_SIGNING_ALLOWED=NO -scheme JevJarvis -derivedDataPath build/dd build
Command line invocation:
    /Applications/Xcode_16.4.app/Contents/Developer/usr/bin/xcodebuild -project JevJarvis.xcodeproj -sdk iphoneos -configuration Release CODE_SIGNING_ALLOWED=NO -scheme JevJarvis -derivedDataPath build/dd build

Build settings from command line:
    CODE_SIGNING_ALLOWED = NO
    SDKROOT = iphoneos18.5

--- xcodebuild: WARNING: Using the first of multiple matching destinations:
{ platform:iOS, id:dvtdevice-DVTiPhonePlaceholder-iphoneos:placeholder, name:Any iOS Device }
{ platform:macOS, arch:arm64, variant:Designed for [iPad,iPhone], id:c79f7557ee22291745ddf7c36421da4d700198ce, name:My Mac }
{ platform:iOS Simulator, id:dvtdevice-DVTiOSDeviceSimulatorPlaceholder-iphonesimulator:placeholder, name:Any iOS Simulator Device }
ComputePackagePrebuildTargetDependencyGraph

Prepare packages

CreateBuildRequest

SendProjectDescription

CreateBuildOperation

ComputeTargetDependencyGraph
note: Building targets in dependency order
note: Target dependency graph (2 targets)
    Target 'JevJarvis' in project 'JevJarvis'
        ➜ Explicit dependency on target 'JevKeyboard' in project 'JevJarvis'
    Target 'JevKeyboard' in project 'JevJarvis' (no dependencies)

GatherProvisioningInputs

CreateBuildDescription

ExecuteExternalTool /Applications/Xcode_16.4.app/Contents/Developer/Toolchains/XcodeDefault.xctoolchain/usr/bin/swiftc --version

ExecuteExternalTool /Applications/Xcode_16.4.app/Contents/Developer/usr/bin/actool --print-asset-tag-combinations --output-format xml1 /Users/runner/work/jev-chat-jarvis-ios/jev-chat-jarvis-ios/App/Assets.xcassets

ExecuteExternalTool /Applications/Xcode_16.4.app/Contents/Developer/Toolchains/XcodeDefault.xctoolchain/usr/bin/clang -v -E -dM -isysroot /Applications/Xcode_16.4.app/Contents/Developer/Platforms/iPhoneOS.platform/Developer/SDKs/iPhoneOS18.5.sdk -x c -c /dev/null

ExecuteExternalTool /Applications/Xcode_16.4.app/Contents/Developer/Toolchains/XcodeDefault.xctoolchain/usr/bin/ld -version_details

ExecuteExternalTool /Applications/Xcode_16.4.app/Contents/Developer/usr/bin/actool --version --output-format xml1

Build description signature: 60f00be2722a16d0d81562fbbed8a404
Build description path: /Users/runner/work/jev-chat-jarvis-ios/jev-chat-jarvis-ios/build/dd/Build/Intermediates.noindex/XCBuildData/60f00be2722a16d0d81562fbbed8a404.xcbuilddata
ClangStatCache /Applications/Xcode_16.4.app/Contents/Developer/Toolchains/XcodeDefault.xctoolchain/usr/bin/clang-stat-cache /Applications/Xcode_16.4.app/Contents/Developer/Platforms/iPhoneOS.platform/Developer/SDKs/iPhoneOS18.5.sdk /Users/runner/work/jev-chat-jarvis-ios/jev-chat-jarvis-ios/build/dd/SDKStatCaches.noindex/iphoneos18.5-22F76-a529daf784b3616c7c04a36aeb7f5c05.sdkstatcache
    cd /Users/runner/work/jev-chat-jarvis-ios/jev-chat-jarvis-ios/JevJarvis.xcodeproj
    /Applications/Xcode_16.4.app/Contents/Developer/Toolchains/XcodeDefault.xctoolchain/usr/bin/clang-stat-cache /Applications/Xcode_16.4.app/Contents/Developer/Platforms/iPhoneOS.platform/Developer/SDKs/iPhoneOS18.5.sdk -o /Users/runner/work/jev-chat-jarvis-ios/jev-chat-jarvis-ios/build/dd/SDKStatCaches.noindex/iphoneos18.5-22F76-a529daf784b3616c7c04a36aeb7f5c05.sdkstatcache

CreateBuildDirectory /Users/runner/work/jev-chat-jarvis-ios/jev-chat-jarvis-ios/build/dd/Build/Products
    cd /Users/runner/work/jev-chat-jarvis-ios/jev-chat-jarvis-ios/JevJarvis.xcodeproj
    builtin-create-build-directory /Users/runner/work/jev-chat-jarvis-ios/jev-chat-jarvis-ios/build/dd/Build/Products

CreateBuildDirectory /Users/runner/work/jev-chat-jarvis-ios/jev-chat-jarvis-ios/build/dd/Build/Intermediates.noindex
    cd /Users/runner/work/jev-chat-jarvis-ios/jev-chat-jarvis-ios/JevJarvis.xcodeproj
    builtin-create-build-directory /Users/runner/work/jev-chat-jarvis-ios/jev-chat-jarvis-ios/build/dd/Build/Intermediates.noindex

CreateBuildDirectory /Users/runner/work/jev-chat-jarvis-ios/jev-chat-jarvis-ios/build/dd/Build/Products/Release-iphoneos
    cd /Users/runner/work/jev-chat-jarvis-ios/jev-chat-jarvis-ios/JevJarvis.xcodeproj
    builtin-create-build-directory /Users/runner/work/jev-chat-jarvis-ios/jev-chat-jarvis-ios/build/dd/Build/Products/Release-iphoneos

WriteAuxiliaryFile /Users/runner/work/jev-chat-jarvis-ios/jev-chat-jarvis-ios/build/dd/Build/Intermediates.noindex/JevJarvis.build/Release-iphoneos/JevJarvis-6634d0fc3120b40f1f942dc9b007699d-VFS-iphoneos/all-product-headers.yaml
    cd /Users/runner/work/jev-chat-jarvis-ios/jev-chat-jarvis-ios/JevJarvis.xcodeproj
    write-file /Users/runner/work/jev-chat-jarvis-ios/jev-chat-jarvis-ios/build/dd/Build/Intermediates.noindex/JevJarvis.build/Release-iphoneos/JevJarvis-6634d0fc3120b40f1f942dc9b007699d-VFS-iphoneos/all-product-headers.yaml

CreateBuildDirectory /Users/runner/work/jev-chat-jarvis-ios/jev-chat-jarvis-ios/build/dd/Build/Intermediates.noindex/EagerLinkingTBDs/Release-iphoneos
    cd /Users/runner/work/jev-chat-jarvis-ios/jev-chat-jarvis-ios/JevJarvis.xcodeproj
    builtin-create-build-directory /Users/runner/work/jev-chat-jarvis-ios/jev-chat-jarvis-ios/build/dd/Build/Intermediates.noindex/EagerLinkingTBDs/Release-iphoneos

WriteAuxiliaryFile /Users/runner/work/jev-chat-jarvis-ios/jev-chat-jarvis-ios/build/dd/Build/Intermediates.noindex/JevJarvis.build/Release-iphoneos/JevKeyboard.build/Objects-normal/arm64/JevKeyboard_const_extract_protocols.json (in target 'JevKeyboard' from project 'JevJarvis')
    cd /Users/runner/work/jev-chat-jarvis-ios/jev-chat-jarvis-ios
    write-file /Users/runner/work/jev-chat-jarvis-ios/jev-chat-jarvis-ios/build/dd/Build/Intermediates.noindex/JevJarvis.build/Release-iphoneos/JevKeyboard.build/Objects-normal/arm64/JevKeyboard_const_extract_protocols.json

WriteAuxiliaryFile /Users/runner/work/jev-chat-jarvis-ios/jev-chat-jarvis-ios/build/dd/Build/Intermediates.noindex/JevJarvis.build/Release-iphoneos/JevKeyboard.build/Objects-normal/arm64/JevKeyboard.SwiftFileList (in target 'JevKeyboard' from project 'JevJarvis')
    cd /Users/runner/work/jev-chat-jarvis-ios/jev-chat-jarvis-ios
    write-file /Users/runner/work/jev-chat-jarvis-ios/jev-chat-jarvis-ios/build/dd/Build/Intermediates.noindex/JevJarvis.build/Release-iphoneos/JevKeyboard.build/Objects-normal/arm64/JevKeyboard.SwiftFileList

WriteAuxiliaryFile /Users/runner/work/jev-chat-jarvis-ios/jev-chat-jarvis-ios/build/dd/Build/Intermediates.noindex/JevJarvis.build/Release-iphoneos/JevKeyboard.build/Objects-normal/arm64/JevKeyboard.SwiftConstValuesFileList (in target 'JevKeyboard' from project 'JevJarvis')
    cd /Users/runner/work/jev-chat-jarvis-ios/jev-chat-jarvis-ios
    write-file /Users/runner/work/jev-chat-jarvis-ios/jev-chat-jarvis-ios/build/dd/Build/Intermediates.noindex/JevJarvis.build/Release-iphoneos/JevKeyboard.build/Objects-normal/arm64/JevKeyboard.SwiftConstValuesFileList

WriteAuxiliaryFile /Users/runner/work/jev-chat-jarvis-ios/jev-chat-jarvis-ios/build/dd/Build/Intermediates.noindex/JevJarvis.build/Release-iphoneos/JevKeyboard.build/Objects-normal/arm64/JevKeyboard.LinkFileList (in target 'JevKeyboard' from project 'JevJarvis')
    cd /Users/runner/work/jev-chat-jarvis-ios/jev-chat-jarvis-ios
    write-file /Users/runner/work/jev-chat-jarvis-ios/jev-chat-jarvis-ios/build/dd/Build/Intermediates.noindex/JevJarvis.build/Release-iphoneos/JevKeyboard.build/Objects-normal/arm64/JevKeyboard.LinkFileList

WriteAuxiliaryFile /Users/runner/work/jev-chat-jarvis-ios/jev-chat-jarvis-ios/build/dd/Build/Intermediates.noindex/JevJarvis.build/Release-iphoneos/JevKeyboard.build/Objects-normal/arm64/JevKeyboard-OutputFileMap.json (in target 'JevKeyboard' from project 'JevJarvis')
    cd /Users/runner/work/jev-chat-jarvis-ios/jev-chat-jarvis-ios
    write-file /Users/runner/work/jev-chat-jarvis-ios/jev-chat-jarvis-ios/build/dd/Build/Intermediates.noindex/JevJarvis.build/Release-iphoneos/JevKeyboard.build/Objects-normal/arm64/JevKeyboard-OutputFileMap.json

WriteAuxiliaryFile /Users/runner/work/jev-chat-jarvis-ios/jev-chat-jarvis-ios/build/dd/Build/Intermediates.noindex/JevJarvis.build/Release-iphoneos/JevKeyboard.build/JevKeyboard.hmap (in target 'JevKeyboard' from project 'JevJarvis')
    cd /Users/runner/work/jev-chat-jarvis-ios/jev-chat-jarvis-ios
    write-file /Users/runner/work/jev-chat-jarvis-ios/jev-chat-jarvis-ios/build/dd/Build/Intermediates.noindex/JevJarvis.build/Release-iphoneos/JevKeyboard.build/JevKeyboard.hmap

WriteAuxiliaryFile /Users/runner/work/jev-chat-jarvis-ios/jev-chat-jarvis-ios/build/dd/Build/Intermediates.noindex/JevJarvis.build/Release-iphoneos/JevKeyboard.build/JevKeyboard.DependencyStaticMetadataFileList (in target 'JevKeyboard' from project 'JevJarvis')
    cd /Users/runner/work/jev-chat-jarvis-ios/jev-chat-jarvis-ios
    write-file /Users/runner/work/jev-chat-jarvis-ios/jev-chat-jarvis-ios/build/dd/Build/Intermediates.noindex/JevJarvis.build/Release-iphoneos/JevKeyboard.build/JevKeyboard.DependencyStaticMetadataFileList

WriteAuxiliaryFile /Users/runner/work/jev-chat-jarvis-ios/jev-chat-jarvis-ios/build/dd/Build/Intermediates.noindex/JevJarvis.build/Release-iphoneos/JevKeyboard.build/JevKeyboard.DependencyMetadataFileList (in target 'JevKeyboard' from project 'JevJarvis')
    cd /Users/runner/work/jev-chat-jarvis-ios/jev-chat-jarvis-ios
    write-file /Users/runner/work/jev-chat-jarvis-ios/jev-chat-jarvis-ios/build/dd/Build/Intermediates.noindex/JevJarvis.build/Release-iphoneos/JevKeyboard.build/JevKeyboard.DependencyMetadataFileList

WriteAuxiliaryFile /Users/runner/work/jev-chat-jarvis-ios/jev-chat-jarvis-ios/build/dd/Build/Intermediates.noindex/JevJarvis.build/Release-iphoneos/JevKeyboard.build/JevKeyboard-project-headers.hmap (in target 'JevKeyboard' from project 'JevJarvis')
    cd /Users/runner/work/jev-chat-jarvis-ios/jev-chat-jarvis-ios
    write-file /Users/runner/work/jev-chat-jarvis-ios/jev-chat-jarvis-ios/build/dd/Build/Intermediates.noindex/JevJarvis.build/Release-iphoneos/JevKeyboard.build/JevKeyboard-project-headers.hmap

WriteAuxiliaryFile /Users/runner/work/jev-chat-jarvis-ios/jev-chat-jarvis-ios/build/dd/Build/Intermediates.noindex/JevJarvis.build/Release-iphoneos/JevKeyboard.build/JevKeyboard-own-target-headers.hmap (in target 'JevKeyboard' from project 'JevJarvis')
    cd /Users/runner/work/jev-chat-jarvis-ios/jev-chat-jarvis-ios
    write-file /Users/runner/work/jev-chat-jarvis-ios/jev-chat-jarvis-ios/build/dd/Build/Intermediates.noindex/JevJarvis.build/Release-iphoneos/JevKeyboard.build/JevKeyboard-own-target-headers.hmap

WriteAuxiliaryFile /Users/runner/work/jev-chat-jarvis-ios/jev-chat-jarvis-ios/build/dd/Build/Intermediates.noindex/JevJarvis.build/Release-iphoneos/JevKeyboard.build/JevKeyboard-generated-files.hmap (in target 'JevKeyboard' from project 'JevJarvis')
    cd /Users/runner/work/jev-chat-jarvis-ios/jev-chat-jarvis-ios
    write-file /Users/runner/work/jev-chat-jarvis-ios/jev-chat-jarvis-ios/build/dd/Build/Intermediates.noindex/JevJarvis.build/Release-iphoneos/JevKeyboard.build/JevKeyboard-generated-files.hmap

WriteAuxiliaryFile /Users/runner/work/jev-chat-jarvis-ios/jev-chat-jarvis-ios/build/dd/Build/Intermediates.noindex/JevJarvis.build/Release-iphoneos/JevKeyboard.build/JevKeyboard-all-target-headers.hmap (in target 'JevKeyboard' from project 'JevJarvis')
    cd /Users/runner/work/jev-chat-jarvis-ios/jev-chat-jarvis-ios
    write-file /Users/runner/work/jev-chat-jarvis-ios/jev-chat-jarvis-ios/build/dd/Build/Intermediates.noindex/JevJarvis.build/Release-iphoneos/JevKeyboard.build/JevKeyboard-all-target-headers.hmap

WriteAuxiliaryFile /Users/runner/work/jev-chat-jarvis-ios/jev-chat-jarvis-ios/build/dd/Build/Intermediates.noindex/JevJarvis.build/Release-iphoneos/JevKeyboard.build/JevKeyboard-all-non-framework-target-headers.hmap (in target 'JevKeyboard' from project 'JevJarvis')
    cd /Users/runner/work/jev-chat-jarvis-ios/jev-chat-jarvis-ios
    write-file /Users/runner/work/jev-chat-jarvis-ios/jev-chat-jarvis-ios/build/dd/Build/Intermediates.noindex/JevJarvis.build/Release-iphoneos/JevKeyboard.build/JevKeyboard-all-non-framework-target-headers.hmap

WriteAuxiliaryFile /Users/runner/work/jev-chat-jarvis-ios/jev-chat-jarvis-ios/build/dd/Build/Intermediates.noindex/JevJarvis.build/Release-iphoneos/JevJarvis.build/Objects-normal/arm64/JevJarvis_const_extract_protocols.json (in target 'JevJarvis' from project 'JevJarvis')
    cd /Users/runner/work/jev-chat-jarvis-ios/jev-chat-jarvis-ios
    write-file /Users/runner/work/jev-chat-jarvis-ios/jev-chat-jarvis-ios/build/dd/Build/Intermediates.noindex/JevJarvis.build/Release-iphoneos/JevJarvis.build/Objects-normal/arm64/JevJarvis_const_extract_protocols.json

WriteAuxiliaryFile /Users/runner/work/jev-chat-jarvis-ios/jev-chat-jarvis-ios/build/dd/Build/Intermediates.noindex/JevJarvis.build/Release-iphoneos/JevJarvis.build/Objects-normal/arm64/JevJarvis.SwiftFileList (in target 'JevJarvis' from project 'JevJarvis')
    cd /Users/runner/work/jev-chat-jarvis-ios/jev-chat-jarvis-ios
    write-file /Users/runner/work/jev-chat-jarvis-ios/jev-chat-jarvis-ios/build/dd/Build/Intermediates.noindex/JevJarvis.build/Release-iphoneos/JevJarvis.build/Objects-normal/arm64/JevJarvis.SwiftFileList

WriteAuxiliaryFile /Users/runner/work/jev-chat-jarvis-ios/jev-chat-jarvis-ios/build/dd/Build/Intermediates.noindex/JevJarvis.build/Release-iphoneos/JevJarvis.build/Objects-normal/arm64/JevJarvis.SwiftConstValuesFileList (in target 'JevJarvis' from project 'JevJarvis')
    cd /Users/runner/work/jev-chat-jarvis-ios/jev-chat-jarvis-ios
    write-file /Users/runner/work/jev-chat-jarvis-ios/jev-chat-jarvis-ios/build/dd/Build/Intermediates.noindex/JevJarvis.build/Release-iphoneos/JevJarvis.build/Objects-normal/arm64/JevJarvis.SwiftConstValuesFileList

WriteAuxiliaryFile /Users/runner/work/jev-chat-jarvis-ios/jev-chat-jarvis-ios/build/dd/Build/Intermediates.noindex/JevJarvis.build/Release-iphoneos/JevJarvis.build/Objects-normal/arm64/JevJarvis.LinkFileList (in target 'JevJarvis' from project 'JevJarvis')
    cd /Users/runner/work/jev-chat-jarvis-ios/jev-chat-jarvis-ios
    write-file /Users/runner/work/jev-chat-jarvis-ios/jev-chat-jarvis-ios/build/dd/Build/Intermediates.noindex/JevJarvis.build/Release-iphoneos/JevJarvis.build/Objects-normal/arm64/JevJarvis.LinkFileList

WriteAuxiliaryFile /Users/runner/work/jev-chat-jarvis-ios/jev-chat-jarvis-ios/build/dd/Build/Intermediates.noindex/JevJarvis.build/Release-iphoneos/JevJarvis.build/Objects-normal/arm64/JevJarvis-OutputFileMap.json (in target 'JevJarvis' from project 'JevJarvis')
    cd /Users/runner/work/jev-chat-jarvis-ios/jev-chat-jarvis-ios
    write-file /Users/runner/work/jev-chat-jarvis-ios/jev-chat-jarvis-ios/build/dd/Build/Intermediates.noindex/JevJarvis.build/Release-iphoneos/JevJarvis.build/Objects-normal/arm64/JevJarvis-OutputFileMap.json

WriteAuxiliaryFile /Users/runner/work/jev-chat-jarvis-ios/jev-chat-jarvis-ios/build/dd/Build/Intermediates.noindex/JevJarvis.build/Release-iphoneos/JevJarvis.build/JevJarvis.hmap (in target 'JevJarvis' from project 'JevJarvis')
    cd /Users/runner/work/jev-chat-jarvis-ios/jev-chat-jarvis-ios
    write-file /Users/runner/work/jev-chat-jarvis-ios/jev-chat-jarvis-ios/build/dd/Build/Intermediates.noindex/JevJarvis.build/Release-iphoneos/JevJarvis.build/JevJarvis.hmap

WriteAuxiliaryFile /Users/runner/work/jev-chat-jarvis-ios/jev-chat-jarvis-ios/build/dd/Build/Intermediates.noindex/JevJarvis.build/Release-iphoneos/JevJarvis.build/JevJarvis.DependencyStaticMetadataFileList (in target 'JevJarvis' from project 'JevJarvis')
    cd /Users/runner/work/jev-chat-jarvis-ios/jev-chat-jarvis-ios
    write-file /Users/runner/work/jev-chat-jarvis-ios/jev-chat-jarvis-ios/build/dd/Build/Intermediates.noindex/JevJarvis.build/Release-iphoneos/JevJarvis.build/JevJarvis.DependencyStaticMetadataFileList

WriteAuxiliaryFile /Users/runner/work/jev-chat-jarvis-ios/jev-chat-jarvis-ios/build/dd/Build/Intermediates.noindex/JevJarvis.build/Release-iphoneos/JevJarvis.build/JevJarvis.DependencyMetadataFileList (in target 'JevJarvis' from project 'JevJarvis')
    cd /Users/runner/work/jev-chat-jarvis-ios/jev-chat-jarvis-ios
    write-file /Users/runner/work/jev-chat-jarvis-ios/jev-chat-jarvis-ios/build/dd/Build/Intermediates.noindex/JevJarvis.build/Release-iphoneos/JevJarvis.build/JevJarvis.DependencyMetadataFileList

WriteAuxiliaryFile /Users/runner/work/jev-chat-jarvis-ios/jev-chat-jarvis-ios/build/dd/Build/Intermediates.noindex/JevJarvis.build/Release-iphoneos/JevJarvis.build/JevJarvis-project-headers.hmap (in target 'JevJarvis' from project 'JevJarvis')
    cd /Users/runner/work/jev-chat-jarvis-ios/jev-chat-jarvis-ios
    write-file /Users/runner/work/jev-chat-jarvis-ios/jev-chat-jarvis-ios/build/dd/Build/Intermediates.noindex/JevJarvis.build/Release-iphoneos/JevJarvis.build/JevJarvis-project-headers.hmap

WriteAuxiliaryFile /Users/runner/work/jev-chat-jarvis-ios/jev-chat-jarvis-ios/build/dd/Build/Intermediates.noindex/JevJarvis.build/Release-iphoneos/JevJarvis.build/JevJarvis-own-target-headers.hmap (in target 'JevJarvis' from project 'JevJarvis')
    cd /Users/runner/work/jev-chat-jarvis-ios/jev-chat-jarvis-ios
    write-file /Users/runner/work/jev-chat-jarvis-ios/jev-chat-jarvis-ios/build/dd/Build/Intermediates.noindex/JevJarvis.build/Release-iphoneos/JevJarvis.build/JevJarvis-own-target-headers.hmap

WriteAuxiliaryFile /Users/runner/work/jev-chat-jarvis-ios/jev-chat-jarvis-ios/build/dd/Build/Intermediates.noindex/JevJarvis.build/Release-iphoneos/JevJarvis.build/JevJarvis-generated-files.hmap (in target 'JevJarvis' from project 'JevJarvis')
    cd /Users/runner/work/jev-chat-jarvis-ios/jev-chat-jarvis-ios
    write-file /Users/runner/work/jev-chat-jarvis-ios/jev-chat-jarvis-ios/build/dd/Build/Intermediates.noindex/JevJarvis.build/Release-iphoneos/JevJarvis.build/JevJarvis-generated-files.hmap

WriteAuxiliaryFile /Users/runner/work/jev-chat-jarvis-ios/jev-chat-jarvis-ios/build/dd/Build/Intermediates.noindex/JevJarvis.build/Release-iphoneos/JevJarvis.build/JevJarvis-all-target-headers.hmap (in target 'JevJarvis' from project 'JevJarvis')
    cd /Users/runner/work/jev-chat-jarvis-ios/jev-chat-jarvis-ios
    write-file /Users/runner/work/jev-chat-jarvis-ios/jev-chat-jarvis-ios/build/dd/Build/Intermediates.noindex/JevJarvis.build/Release-iphoneos/JevJarvis.build/JevJarvis-all-target-headers.hmap

WriteAuxiliaryFile /Users/runner/work/jev-chat-jarvis-ios/jev-chat-jarvis-ios/build/dd/Build/Intermediates.noindex/JevJarvis.build/Release-iphoneos/JevJarvis.build/JevJarvis-all-non-framework-target-headers.hmap (in target 'JevJarvis' from project 'JevJarvis')
    cd /Users/runner/work/jev-chat-jarvis-ios/jev-chat-jarvis-ios
    write-file /Users/runner/work/jev-chat-jarvis-ios/jev-chat-jarvis-ios/build/dd/Build/Intermediates.noindex/JevJarvis.build/Release-iphoneos/JevJarvis.build/JevJarvis-all-non-framework-target-headers.hmap

MkDir /Users/runner/work/jev-chat-jarvis-ios/jev-chat-jarvis-ios/build/dd/Build/Products/Release-iphoneos/JevKeyboard.appex (in target 'JevKeyboard' from project 'JevJarvis')
    cd /Users/runner/work/jev-chat-jarvis-ios/jev-chat-jarvis-ios
    /bin/mkdir -p /Users/runner/work/jev-chat-jarvis-ios/jev-chat-jarvis-ios/build/dd/Build/Products/Release-iphoneos/JevKeyboard.appex

MkDir /Users/runner/work/jev-chat-jarvis-ios/jev-chat-jarvis-ios/build/dd/Build/Products/Release-iphoneos/JevJarvis.app/PlugIns (in target 'JevJarvis' from project 'JevJarvis')
    cd /Users/runner/work/jev-chat-jarvis-ios/jev-chat-jarvis-ios
    /bin/mkdir -p /Users/runner/work/jev-chat-jarvis-ios/jev-chat-jarvis-ios/build/dd/Build/Products/Release-iphoneos/JevJarvis.app/PlugIns

MkDir /Users/runner/work/jev-chat-jarvis-ios/jev-chat-jarvis-ios/build/dd/Build/Products/Release-iphoneos/JevJarvis.app (in target 'JevJarvis' from project 'JevJarvis')
    cd /Users/runner/work/jev-chat-jarvis-ios/jev-chat-jarvis-ios
    /bin/mkdir -p /Users/runner/work/jev-chat-jarvis-ios/jev-chat-jarvis-ios/build/dd/Build/Products/Release-iphoneos/JevJarvis.app

ProcessInfoPlistFile /Users/runner/work/jev-chat-jarvis-ios/jev-chat-jarvis-ios/build/dd/Build/Products/Release-iphoneos/JevKeyboard.appex/Info.plist /Users/runner/work/jev-chat-jarvis-ios/jev-chat-jarvis-ios/Keyboard/Info.plist (in target 'JevKeyboard' from project 'JevJarvis')
    cd /Users/runner/work/jev-chat-jarvis-ios/jev-chat-jarvis-ios
    builtin-infoPlistUtility /Users/runner/work/jev-chat-jarvis-ios/jev-chat-jarvis-ios/Keyboard/Info.plist -producttype com.apple.product-type.app-extension -expandbuildsettings -format binary -platform iphoneos -requiredArchitecture arm64 -o /Users/runner/work/jev-chat-jarvis-ios/jev-chat-jarvis-ios/build/dd/Build/Products/Release-iphoneos/JevKeyboard.appex/Info.plist

SwiftDriver JevKeyboard normal arm64 com.apple.xcode.tools.swift.compiler (in target 'JevKeyboard' from project 'JevJarvis')
    cd /Users/runner/work/jev-chat-jarvis-ios/jev-chat-jarvis-ios
    builtin-SwiftDriver -- /Applications/Xcode_16.4.app/Contents/Developer/Toolchains/XcodeDefault.xctoolchain/usr/bin/swiftc -module-name JevKeyboard -O -whole-module-optimization -enforce-exclusivity\=checked @/Users/runner/work/jev-chat-jarvis-ios/jev-chat-jarvis-ios/build/dd/Build/Intermediates.noindex/JevJarvis.build/Release-iphoneos/JevKeyboard.build/Objects-normal/arm64/JevKeyboard.SwiftFileList -enable-bare-slash-regex -enable-experimental-feature DebugDescriptionMacro -sdk /Applications/Xcode_16.4.app/Contents/Developer/Platforms/iPhoneOS.platform/Developer/SDKs/iPhoneOS18.5.sdk -target arm64-apple-ios16.0 -g -module-cache-path /Users/runner/work/jev-chat-jarvis-ios/jev-chat-jarvis-ios/build/dd/ModuleCache.noindex -Xfrontend -serialize-debugging-options -application-extension -swift-version 5 -I /Users/runner/work/jev-chat-jarvis-ios/jev-chat-jarvis-ios/build/dd/Build/Products/Release-iphoneos -F /Users/runner/work/jev-chat-jarvis-ios/jev-chat-jarvis-ios/build/dd/Build/Products/Release-iphoneos -c -num-threads 3 -Xcc -ivfsstatcache -Xcc /Users/runner/work/jev-chat-jarvis-ios/jev-chat-jarvis-ios/build/dd/SDKStatCaches.noindex/iphoneos18.5-22F76-a529daf784b3616c7c04a36aeb7f5c05.sdkstatcache -output-file-map /Users/runner/work/jev-chat-jarvis-ios/jev-chat-jarvis-ios/build/dd/Build/Intermediates.noindex/JevJarvis.build/Release-iphoneos/JevKeyboard.build/Objects-normal/arm64/JevKeyboard-OutputFileMap.json -use-frontend-parseable-output -save-temps -no-color-diagnostics -serialize-diagnostics -emit-dependencies -emit-module -emit-module-path /Users/runner/work/jev-chat-jarvis-ios/jev-chat-jarvis-ios/build/dd/Build/Intermediates.noindex/JevJarvis.build/Release-iphoneos/JevKeyboard.build/Objects-normal/arm64/JevKeyboard.swiftmodule -validate-clang-modules-once -clang-build-session-file /Users/runner/work/jev-chat-jarvis-ios/jev-chat-jarvis-ios/build/dd/ModuleCache.noindex/Session.modulevalidation -Xcc -I/Users/runner/work/jev-chat-jarvis-ios/jev-chat-jarvis-ios/build/dd/Build/Intermediates.noindex/JevJarvis.build/Release-iphoneos/JevKeyboard.build/swift-overrides.hmap -emit-const-values -Xfrontend -const-gather-protocols-file -Xfrontend /Users/runner/work/jev-chat-jarvis-ios/jev-chat-jarvis-ios/build/dd/Build/Intermediates.noindex/JevJarvis.build/Release-iphoneos/JevKeyboard.build/Objects-normal/arm64/JevKeyboard_const_extract_protocols.json -Xcc -iquote -Xcc /Users/runner/work/jev-chat-jarvis-ios/jev-chat-jarvis-ios/build/dd/Build/Intermediates.noindex/JevJarvis.build/Release-iphoneos/JevKeyboard.build/JevKeyboard-generated-files.hmap -Xcc -I/Users/runner/work/jev-chat-jarvis-ios/jev-chat-jarvis-ios/build/dd/Build/Intermediates.noindex/JevJarvis.build/Release-iphoneos/JevKeyboard.build/JevKeyboard-own-target-headers.hmap -Xcc -I/Users/runner/work/jev-chat-jarvis-ios/jev-chat-jarvis-ios/build/dd/Build/Intermediates.noindex/JevJarvis.build/Release-iphoneos/JevKeyboard.build/JevKeyboard-all-target-headers.hmap -Xcc -iquote -Xcc /Users/runner/work/jev-chat-jarvis-ios/jev-chat-jarvis-ios/build/dd/Build/Intermediates.noindex/JevJarvis.build/Release-iphoneos/JevKeyboard.build/JevKeyboard-project-headers.hmap -Xcc -I/Users/runner/work/jev-chat-jarvis-ios/jev-chat-jarvis-ios/build/dd/Build/Products/Release-iphoneos/include -Xcc -I/Users/runner/work/jev-chat-jarvis-ios/jev-chat-jarvis-ios/build/dd/Build/Intermediates.noindex/JevJarvis.build/Release-iphoneos/JevKeyboard.build/DerivedSources-normal/arm64 -Xcc -I/Users/runner/work/jev-chat-jarvis-ios/jev-chat-jarvis-ios/build/dd/Build/Intermediates.noindex/JevJarvis.build/Release-iphoneos/JevKeyboard.build/DerivedSources/arm64 -Xcc -I/Users/runner/work/jev-chat-jarvis-ios/jev-chat-jarvis-ios/build/dd/Build/Intermediates.noindex/JevJarvis.build/Release-iphoneos/JevKeyboard.build/DerivedSources -emit-objc-header -emit-objc-header-path /Users/runner/work/jev-chat-jarvis-ios/jev-chat-jarvis-ios/build/dd/Build/Intermediates.noindex/JevJarvis.build/Release-iphoneos/JevKeyboard.build/Objects-normal/arm64/JevKeyboard-Swift.h -working-directory /Users/runner/work/jev-chat-jarvis-ios/jev-chat-jarvis-ios -no-emit-module-separately-wmo

SwiftCompile normal arm64 Compiling\ JevDraft.swift,\ JevHTTP.swift,\ JevJudge.swift,\ JevLocalization.swift,\ JevModel.swift,\ JevPipeline.swift,\ JevPrompts.swift,\ KeyboardViewController.swift,\ KeyboardViews.swift /Users/runner/work/jev-chat-jarvis-ios/jev-chat-jarvis-ios/Shared/JevDraft.swift /Users/runner/work/jev-chat-jarvis-ios/jev-chat-jarvis-ios/Shared/JevHTTP.swift /Users/runner/work/jev-chat-jarvis-ios/jev-chat-jarvis-ios/Shared/JevJudge.swift /Users/runner/work/jev-chat-jarvis-ios/jev-chat-jarvis-ios/Shared/JevLocalization.swift /Users/runner/work/jev-chat-jarvis-ios/jev-chat-jarvis-ios/Shared/JevModel.swift /Users/runner/work/jev-chat-jarvis-ios/jev-chat-jarvis-ios/Shared/JevPipeline.swift /Users/runner/work/jev-chat-jarvis-ios/jev-chat-jarvis-ios/Shared/JevPrompts.swift /Users/runner/work/jev-chat-jarvis-ios/jev-chat-jarvis-ios/Keyboard/Sources/KeyboardViewController.swift /Users/runner/work/jev-chat-jarvis-ios/jev-chat-jarvis-ios/Keyboard/Sources/KeyboardViews.swift (in target 'JevKeyboard' from project 'JevJarvis')

CompileSwift normal arm64 (in target 'JevKeyboard' from project 'JevJarvis')
    cd /Users/runner/work/jev-chat-jarvis-ios/jev-chat-jarvis-ios
    

SwiftDriver\ Compilation JevKeyboard normal arm64 com.apple.xcode.tools.swift.compiler (in target 'JevKeyboard' from project 'JevJarvis')
    cd /Users/runner/work/jev-chat-jarvis-ios/jev-chat-jarvis-ios
    builtin-Swift-Compilation -- /Applications/Xcode_16.4.app/Contents/Developer/Toolchains/XcodeDefault.xctoolchain/usr/bin/swiftc -module-name JevKeyboard -O -whole-module-optimization -enforce-exclusivity\=checked @/Users/runner/work/jev-chat-jarvis-ios/jev-chat-jarvis-ios/build/dd/Build/Intermediates.noindex/JevJarvis.build/Release-iphoneos/JevKeyboard.build/Objects-normal/arm64/JevKeyboard.SwiftFileList -enable-bare-slash-regex -enable-experimental-feature DebugDescriptionMacro -sdk /Applications/Xcode_16.4.app/Contents/Developer/Platforms/iPhoneOS.platform/Developer/SDKs/iPhoneOS18.5.sdk -target arm64-apple-ios16.0 -g -module-cache-path /Users/runner/work/jev-chat-jarvis-ios/jev-chat-jarvis-ios/build/dd/ModuleCache.noindex -Xfrontend -serialize-debugging-options -application-extension -swift-version 5 -I /Users/runner/work/jev-chat-jarvis-ios/jev-chat-jarvis-ios/build/dd/Build/Products/Release-iphoneos -F /Users/runner/work/jev-chat-jarvis-ios/jev-chat-jarvis-ios/build/dd/Build/Products/Release-iphoneos -c -num-threads 3 -Xcc -ivfsstatcache -Xcc /Users/runner/work/jev-chat-jarvis-ios/jev-chat-jarvis-ios/build/dd/SDKStatCaches.noindex/iphoneos18.5-22F76-a529daf784b3616c7c04a36aeb7f5c05.sdkstatcache -output-file-map /Users/runner/work/jev-chat-jarvis-ios/jev-chat-jarvis-ios/build/dd/Build/Intermediates.noindex/JevJarvis.build/Release-iphoneos/JevKeyboard.build/Objects-normal/arm64/JevKeyboard-OutputFileMap.json -use-frontend-parseable-output -save-temps -no-color-diagnostics -serialize-diagnostics -emit-dependencies -emit-module -emit-module-path /Users/runner/work/jev-chat-jarvis-ios/jev-chat-jarvis-ios/build/dd/Build/Intermediates.noindex/JevJarvis.build/Release-iphoneos/JevKeyboard.build/Objects-normal/arm64/JevKeyboard.swiftmodule -validate-clang-modules-once -clang-build-session-file /Users/runner/work/jev-chat-jarvis-ios/jev-chat-jarvis-ios/build/dd/ModuleCache.noindex/Session.modulevalidation -Xcc -I/Users/runner/work/jev-chat-jarvis-ios/jev-chat-jarvis-ios/build/dd/Build/Intermediates.noindex/JevJarvis.build/Release-iphoneos/JevKeyboard.build/swift-overrides.hmap -emit-const-values -Xfrontend -const-gather-protocols-file -Xfrontend /Users/runner/work/jev-chat-jarvis-ios/jev-chat-jarvis-ios/build/dd/Build/Intermediates.noindex/JevJarvis.build/Release-iphoneos/JevKeyboard.build/Objects-normal/arm64/JevKeyboard_const_extract_protocols.json -Xcc -iquote -Xcc /Users/runner/work/jev-chat-jarvis-ios/jev-chat-jarvis-ios/build/dd/Build/Intermediates.noindex/JevJarvis.build/Release-iphoneos/JevKeyboard.build/JevKeyboard-generated-files.hmap -Xcc -I/Users/runner/work/jev-chat-jarvis-ios/jev-chat-jarvis-ios/build/dd/Build/Intermediates.noindex/JevJarvis.build/Release-iphoneos/JevKeyboard.build/JevKeyboard-own-target-headers.hmap -Xcc -I/Users/runner/work/jev-chat-jarvis-ios/jev-chat-jarvis-ios/build/dd/Build/Intermediates.noindex/JevJarvis.build/Release-iphoneos/JevKeyboard.build/JevKeyboard-all-target-headers.hmap -Xcc -iquote -Xcc /Users/runner/work/jev-chat-jarvis-ios/jev-chat-jarvis-ios/build/dd/Build/Intermediates.noindex/JevJarvis.build/Release-iphoneos/JevKeyboard.build/JevKeyboard-project-headers.hmap -Xcc -I/Users/runner/work/jev-chat-jarvis-ios/jev-chat-jarvis-ios/build/dd/Build/Products/Release-iphoneos/include -Xcc -I/Users/runner/work/jev-chat-jarvis-ios/jev-chat-jarvis-ios/build/dd/Build/Intermediates.noindex/JevJarvis.build/Release-iphoneos/JevKeyboard.build/DerivedSources-normal/arm64 -Xcc -I/Users/runner/work/jev-chat-jarvis-ios/jev-chat-jarvis-ios/build/dd/Build/Intermediates.noindex/JevJarvis.build/Release-iphoneos/JevKeyboard.build/DerivedSources/arm64 -Xcc -I/Users/runner/work/jev-chat-jarvis-ios/jev-chat-jarvis-ios/build/dd/Build/Intermediates.noindex/JevJarvis.build/Release-iphoneos/JevKeyboard.build/DerivedSources -emit-objc-header -emit-objc-header-path /Users/runner/work/jev-chat-jarvis-ios/jev-chat-jarvis-ios/build/dd/Build/Intermediates.noindex/JevJarvis.build/Release-iphoneos/JevKeyboard.build/Objects-normal/arm64/JevKeyboard-Swift.h -working-directory /Users/runner/work/jev-chat-jarvis-ios/jev-chat-jarvis-ios -no-emit-module-separately-wmo

SwiftDriverJobDiscovery normal arm64 Compiling JevDraft.swift, JevHTTP.swift, JevJudge.swift, JevLocalization.swift, JevModel.swift, JevPipeline.swift, JevPrompts.swift, KeyboardViewController.swift, KeyboardViews.swift (in target 'JevKeyboard' from project 'JevJarvis')

SwiftDriver\ Compilation\ Requirements JevKeyboard normal arm64 com.apple.xcode.tools.swift.compiler (in target 'JevKeyboard' from project 'JevJarvis')
    cd /Users/runner/work/jev-chat-jarvis-ios/jev-chat-jarvis-ios
    builtin-Swift-Compilation-Requirements -- /Applications/Xcode_16.4.app/Contents/Developer/Toolchains/XcodeDefault.xctoolchain/usr/bin/swiftc -module-name JevKeyboard -O -whole-module-optimization -enforce-exclusivity\=checked @/Users/runner/work/jev-chat-jarvis-ios/jev-chat-jarvis-ios/build/dd/Build/Intermediates.noindex/JevJarvis.build/Release-iphoneos/JevKeyboard.build/Objects-normal/arm64/JevKeyboard.SwiftFileList -enable-bare-slash-regex -enable-experimental-feature DebugDescriptionMacro -sdk /Applications/Xcode_16.4.app/Contents/Developer/Platforms/iPhoneOS.platform/Developer/SDKs/iPhoneOS18.5.sdk -target arm64-apple-ios16.0 -g -module-cache-path /Users/runner/work/jev-chat-jarvis-ios/jev-chat-jarvis-ios/build/dd/ModuleCache.noindex -Xfrontend -serialize-debugging-options -application-extension -swift-version 5 -I /Users/runner/work/jev-chat-jarvis-ios/jev-chat-jarvis-ios/build/dd/Build/Products/Release-iphoneos -F /Users/runner/work/jev-chat-jarvis-ios/jev-chat-jarvis-ios/build/dd/Build/Products/Release-iphoneos -c -num-threads 3 -Xcc -ivfsstatcache -Xcc /Users/runner/work/jev-chat-jarvis-ios/jev-chat-jarvis-ios/build/dd/SDKStatCaches.noindex/iphoneos18.5-22F76-a529daf784b3616c7c04a36aeb7f5c05.sdkstatcache -output-file-map /Users/runner/work/jev-chat-jarvis-ios/jev-chat-jarvis-ios/build/dd/Build/Intermediates.noindex/JevJarvis.build/Release-iphoneos/JevKeyboard.build/Objects-normal/arm64/JevKeyboard-OutputFileMap.json -use-frontend-parseable-output -save-temps -no-color-diagnostics -serialize-diagnostics -emit-dependencies -emit-module -emit-module-path /Users/runner/work/jev-chat-jarvis-ios/jev-chat-jarvis-ios/build/dd/Build/Intermediates.noindex/JevJarvis.build/Release-iphoneos/JevKeyboard.build/Objects-normal/arm64/JevKeyboard.swiftmodule -validate-clang-modules-once -clang-build-session-file /Users/runner/work/jev-chat-jarvis-ios/jev-chat-jarvis-ios/build/dd/ModuleCache.noindex/Session.modulevalidation -Xcc -I/Users/runner/work/jev-chat-jarvis-ios/jev-chat-jarvis-ios/build/dd/Build/Intermediates.noindex/JevJarvis.build/Release-iphoneos/JevKeyboard.build/swift-overrides.hmap -emit-const-values -Xfrontend -const-gather-protocols-file -Xfrontend /Users/runner/work/jev-chat-jarvis-ios/jev-chat-jarvis-ios/build/dd/Build/Intermediates.noindex/JevJarvis.build/Release-iphoneos/JevKeyboard.build/Objects-normal/arm64/JevKeyboard_const_extract_protocols.json -Xcc -iquote -Xcc /Users/runner/work/jev-chat-jarvis-ios/jev-chat-jarvis-ios/build/dd/Build/Intermediates.noindex/JevJarvis.build/Release-iphoneos/JevKeyboard.build/JevKeyboard-generated-files.hmap -Xcc -I/Users/runner/work/jev-chat-jarvis-ios/jev-chat-jarvis-ios/build/dd/Build/Intermediates.noindex/JevJarvis.build/Release-iphoneos/JevKeyboard.build/JevKeyboard-own-target-headers.hmap -Xcc -I/Users/runner/work/jev-chat-jarvis-ios/jev-chat-jarvis-ios/build/dd/Build/Intermediates.noindex/JevJarvis.build/Release-iphoneos/JevKeyboard.build/JevKeyboard-all-target-headers.hmap -Xcc -iquote -Xcc /Users/runner/work/jev-chat-jarvis-ios/jev-chat-jarvis-ios/build/dd/Build/Intermediates.noindex/JevJarvis.build/Release-iphoneos/JevKeyboard.build/JevKeyboard-project-headers.hmap -Xcc -I/Users/runner/work/jev-chat-jarvis-ios/jev-chat-jarvis-ios/build/dd/Build/Products/Release-iphoneos/include -Xcc -I/Users/runner/work/jev-chat-jarvis-ios/jev-chat-jarvis-ios/build/dd/Build/Intermediates.noindex/JevJarvis.build/Release-iphoneos/JevKeyboard.build/DerivedSources-normal/arm64 -Xcc -I/Users/runner/work/jev-chat-jarvis-ios/jev-chat-jarvis-ios/build/dd/Build/Intermediates.noindex/JevJarvis.build/Release-iphoneos/JevKeyboard.build/DerivedSources/arm64 -Xcc -I/Users/runner/work/jev-chat-jarvis-ios/jev-chat-jarvis-ios/build/dd/Build/Intermediates.noindex/JevJarvis.build/Release-iphoneos/JevKeyboard.build/DerivedSources -emit-objc-header -emit-objc-header-path /Users/runner/work/jev-chat-jarvis-ios/jev-chat-jarvis-ios/build/dd/Build/Intermediates.noindex/JevJarvis.build/Release-iphoneos/JevKeyboard.build/Objects-normal/arm64/JevKeyboard-Swift.h -working-directory /Users/runner/work/jev-chat-jarvis-ios/jev-chat-jarvis-ios -no-emit-module-separately-wmo

SwiftMergeGeneratedHeaders /Users/runner/work/jev-chat-jarvis-ios/jev-chat-jarvis-ios/build/dd/Build/Intermediates.noindex/JevJarvis.build/Release-iphoneos/JevKeyboard.build/DerivedSources/JevKeyboard-Swift.h /Users/runner/work/jev-chat-jarvis-ios/jev-chat-jarvis-ios/build/dd/Build/Intermediates.noindex/JevJarvis.build/Release-iphoneos/JevKeyboard.build/Objects-normal/arm64/JevKeyboard-Swift.h (in target 'JevKeyboard' from project 'JevJarvis')
    cd /Users/runner/work/jev-chat-jarvis-ios/jev-chat-jarvis-ios
    builtin-swiftHeaderTool -arch arm64 /Users/runner/work/jev-chat-jarvis-ios/jev-chat-jarvis-ios/build/dd/Build/Intermediates.noindex/JevJarvis.build/Release-iphoneos/JevKeyboard.build/Objects-normal/arm64/JevKeyboard-Swift.h -o /Users/runner/work/jev-chat-jarvis-ios/jev-chat-jarvis-ios/build/dd/Build/Intermediates.noindex/JevJarvis.build/Release-iphoneos/JevKeyboard.build/DerivedSources/JevKeyboard-Swift.h

Copy /Users/runner/work/jev-chat-jarvis-ios/jev-chat-jarvis-ios/build/dd/Build/Products/Release-iphoneos/JevKeyboard.swiftmodule/arm64-apple-ios.swiftdoc /Users/runner/work/jev-chat-jarvis-ios/jev-chat-jarvis-ios/build/dd/Build/Intermediates.noindex/JevJarvis.build/Release-iphoneos/JevKeyboard.build/Objects-normal/arm64/JevKeyboard.swiftdoc (in target 'JevKeyboard' from project 'JevJarvis')
    cd /Users/runner/work/jev-chat-jarvis-ios/jev-chat-jarvis-ios
    builtin-copy -exclude .DS_Store -exclude CVS -exclude .svn -exclude .git -exclude .hg -resolve-src-symlinks -rename /Users/runner/work/jev-chat-jarvis-ios/jev-chat-jarvis-ios/build/dd/Build/Intermediates.noindex/JevJarvis.build/Release-iphoneos/JevKeyboard.build/Objects-normal/arm64/JevKeyboard.swiftdoc /Users/runner/work/jev-chat-jarvis-ios/jev-chat-jarvis-ios/build/dd/Build/Products/Release-iphoneos/JevKeyboard.swiftmodule/arm64-apple-ios.swiftdoc

Copy /Users/runner/work/jev-chat-jarvis-ios/jev-chat-jarvis-ios/build/dd/Build/Products/Release-iphoneos/JevKeyboard.swiftmodule/arm64-apple-ios.swiftmodule /Users/runner/work/jev-chat-jarvis-ios/jev-chat-jarvis-ios/build/dd/Build/Intermediates.noindex/JevJarvis.build/Release-iphoneos/JevKeyboard.build/Objects-normal/arm64/JevKeyboard.swiftmodule (in target 'JevKeyboard' from project 'JevJarvis')
    cd /Users/runner/work/jev-chat-jarvis-ios/jev-chat-jarvis-ios
    builtin-copy -exclude .DS_Store -exclude CVS -exclude .svn -exclude .git -exclude .hg -resolve-src-symlinks -rename /Users/runner/work/jev-chat-jarvis-ios/jev-chat-jarvis-ios/build/dd/Build/Intermediates.noindex/JevJarvis.build/Release-iphoneos/JevKeyboard.build/Objects-normal/arm64/JevKeyboard.swiftmodule /Users/runner/work/jev-chat-jarvis-ios/jev-chat-jarvis-ios/build/dd/Build/Products/Release-iphoneos/JevKeyboard.swiftmodule/arm64-apple-ios.swiftmodule

Copy /Users/runner/work/jev-chat-jarvis-ios/jev-chat-jarvis-ios/build/dd/Build/Products/Release-iphoneos/JevKeyboard.swiftmodule/arm64-apple-ios.abi.json /Users/runner/work/jev-chat-jarvis-ios/jev-chat-jarvis-ios/build/dd/Build/Intermediates.noindex/JevJarvis.build/Release-iphoneos/JevKeyboard.build/Objects-normal/arm64/JevKeyboard.abi.json (in target 'JevKeyboard' from project 'JevJarvis')
    cd /Users/runner/work/jev-chat-jarvis-ios/jev-chat-jarvis-ios
    builtin-copy -exclude .DS_Store -exclude CVS -exclude .svn -exclude .git -exclude .hg -resolve-src-symlinks -rename /Users/runner/work/jev-chat-jarvis-ios/jev-chat-jarvis-ios/build/dd/Build/Intermediates.noindex/JevJarvis.build/Release-iphoneos/JevKeyboard.build/Objects-normal/arm64/JevKeyboard.abi.json /Users/runner/work/jev-chat-jarvis-ios/jev-chat-jarvis-ios/build/dd/Build/Products/Release-iphoneos/JevKeyboard.swiftmodule/arm64-apple-ios.abi.json

Copy /Users/runner/work/jev-chat-jarvis-ios/jev-chat-jarvis-ios/build/dd/Build/Products/Release-iphoneos/JevKeyboard.swiftmodule/Project/arm64-apple-ios.swiftsourceinfo /Users/runner/work/jev-chat-jarvis-ios/jev-chat-jarvis-ios/build/dd/Build/Intermediates.noindex/JevJarvis.build/Release-iphoneos/JevKeyboard.build/Objects-normal/arm64/JevKeyboard.swiftsourceinfo (in target 'JevKeyboard' from project 'JevJarvis')
    cd /Users/runner/work/jev-chat-jarvis-ios/jev-chat-jarvis-ios
    builtin-copy -exclude .DS_Store -exclude CVS -exclude .svn -exclude .git -exclude .hg -resolve-src-symlinks -rename /Users/runner/work/jev-chat-jarvis-ios/jev-chat-jarvis-ios/build/dd/Build/Intermediates.noindex/JevJarvis.build/Release-iphoneos/JevKeyboard.build/Objects-normal/arm64/JevKeyboard.swiftsourceinfo /Users/runner/work/jev-chat-jarvis-ios/jev-chat-jarvis-ios/build/dd/Build/Products/Release-iphoneos/JevKeyboard.swiftmodule/Project/arm64-apple-ios.swiftsourceinfo

Ld /Users/runner/work/jev-chat-jarvis-ios/jev-chat-jarvis-ios/build/dd/Build/Products/Release-iphoneos/JevKeyboard.appex/JevKeyboard normal (in target 'JevKeyboard' from project 'JevJarvis')
    cd /Users/runner/work/jev-chat-jarvis-ios/jev-chat-jarvis-ios
    /Applications/Xcode_16.4.app/Contents/Developer/Toolchains/XcodeDefault.xctoolchain/usr/bin/clang -Xlinker -reproducible -target arm64-apple-ios16.0 -isysroot /Applications/Xcode_16.4.app/Contents/Developer/Platforms/iPhoneOS.platform/Developer/SDKs/iPhoneOS18.5.sdk -Os -L/Users/runner/work/jev-chat-jarvis-ios/jev-chat-jarvis-ios/build/dd/Build/Intermediates.noindex/EagerLinkingTBDs/Release-iphoneos -L/Users/runner/work/jev-chat-jarvis-ios/jev-chat-jarvis-ios/build/dd/Build/Products/Release-iphoneos -F/Users/runner/work/jev-chat-jarvis-ios/jev-chat-jarvis-ios/build/dd/Build/Intermediates.noindex/EagerLinkingTBDs/Release-iphoneos -F/Users/runner/work/jev-chat-jarvis-ios/jev-chat-jarvis-ios/build/dd/Build/Products/Release-iphoneos -filelist /Users/runner/work/jev-chat-jarvis-ios/jev-chat-jarvis-ios/build/dd/Build/Intermediates.noindex/JevJarvis.build/Release-iphoneos/JevKeyboard.build/Objects-normal/arm64/JevKeyboard.LinkFileList -Xlinker -rpath -Xlinker @executable_path/Frameworks -Xlinker -rpath -Xlinker @executable_path/../../Frameworks -dead_strip -Xlinker -object_path_lto -Xlinker /Users/runner/work/jev-chat-jarvis-ios/jev-chat-jarvis-ios/build/dd/Build/Intermediates.noindex/JevJarvis.build/Release-iphoneos/JevKeyboard.build/Objects-normal/arm64/JevKeyboard_lto.o -Xlinker -dependency_info -Xlinker /Users/runner/work/jev-chat-jarvis-ios/jev-chat-jarvis-ios/build/dd/Build/Intermediates.noindex/JevJarvis.build/Release-iphoneos/JevKeyboard.build/Objects-normal/arm64/JevKeyboard_dependency_info.dat -e _NSExtensionMain -fapplication-extension -fobjc-link-runtime -L/Applications/Xcode_16.4.app/Contents/Developer/Toolchains/XcodeDefault.xctoolchain/usr/lib/swift/iphoneos -L/usr/lib/swift -Xlinker -add_ast_path -Xlinker /Users/runner/work/jev-chat-jarvis-ios/jev-chat-jarvis-ios/build/dd/Build/Intermediates.noindex/JevJarvis.build/Release-iphoneos/JevKeyboard.build/Objects-normal/arm64/JevKeyboard.swiftmodule -o /Users/runner/work/jev-chat-jarvis-ios/jev-chat-jarvis-ios/build/dd/Build/Products/Release-iphoneos/JevKeyboard.appex/JevKeyboard

MkDir /Users/runner/work/jev-chat-jarvis-ios/jev-chat-jarvis-ios/build/dd/Build/Intermediates.noindex/JevJarvis.build/Release-iphoneos/JevJarvis.build/assetcatalog_output/unthinned (in target 'JevJarvis' from project 'JevJarvis')
    cd /Users/runner/work/jev-chat-jarvis-ios/jev-chat-jarvis-ios
    /bin/mkdir -p /Users/runner/work/jev-chat-jarvis-ios/jev-chat-jarvis-ios/build/dd/Build/Intermediates.noindex/JevJarvis.build/Release-iphoneos/JevJarvis.build/assetcatalog_output/unthinned

MkDir /Users/runner/work/jev-chat-jarvis-ios/jev-chat-jarvis-ios/build/dd/Build/Intermediates.noindex/JevJarvis.build/Release-iphoneos/JevJarvis.build/assetcatalog_output/thinned (in target 'JevJarvis' from project 'JevJarvis')
    cd /Users/runner/work/jev-chat-jarvis-ios/jev-chat-jarvis-ios
    /bin/mkdir -p /Users/runner/work/jev-chat-jarvis-ios/jev-chat-jarvis-ios/build/dd/Build/Intermediates.noindex/JevJarvis.build/Release-iphoneos/JevJarvis.build/assetcatalog_output/thinned

GenerateAssetSymbols /Users/runner/work/jev-chat-jarvis-ios/jev-chat-jarvis-ios/App/Assets.xcassets (in target 'JevJarvis' from project 'JevJarvis')
    cd /Users/runner/work/jev-chat-jarvis-ios/jev-chat-jarvis-ios
    /Applications/Xcode_16.4.app/Contents/Developer/usr/bin/actool /Users/runner/work/jev-chat-jarvis-ios/jev-chat-jarvis-ios/App/Assets.xcassets --compile /Users/runner/work/jev-chat-jarvis-ios/jev-chat-jarvis-ios/build/dd/Build/Products/Release-iphoneos/JevJarvis.app --output-format human-readable-text --notices --warnings --export-dependency-info /Users/runner/work/jev-chat-jarvis-ios/jev-chat-jarvis-ios/build/dd/Build/Intermediates.noindex/JevJarvis.build/Release-iphoneos/JevJarvis.build/assetcatalog_dependencies --output-partial-info-plist /Users/runner/work/jev-chat-jarvis-ios/jev-chat-jarvis-ios/build/dd/Build/Intermediates.noindex/JevJarvis.build/Release-iphoneos/JevJarvis.build/assetcatalog_generated_info.plist --app-icon AppIcon --compress-pngs --enable-on-demand-resources YES --development-region en --target-device iphone --minimum-deployment-target 16.0 --platform iphoneos --bundle-identifier com.zx1184781795.jevjarvis --generate-swift-asset-symbol-extensions NO --generate-swift-asset-symbols /Users/runner/work/jev-chat-jarvis-ios/jev-chat-jarvis-ios/build/dd/Build/Intermediates.noindex/JevJarvis.build/Release-iphoneos/JevJarvis.build/DerivedSources/GeneratedAssetSymbols.swift --generate-objc-asset-symbols /Users/runner/work/jev-chat-jarvis-ios/jev-chat-jarvis-ios/build/dd/Build/Intermediates.noindex/JevJarvis.build/Release-iphoneos/JevJarvis.build/DerivedSources/GeneratedAssetSymbols.h --generate-asset-symbol-index /Users/runner/work/jev-chat-jarvis-ios/jev-chat-jarvis-ios/build/dd/Build/Intermediates.noindex/JevJarvis.build/Release-iphoneos/JevJarvis.build/DerivedSources/GeneratedAssetSymbols-Index.plist
/* com.apple.actool.compilation-results */
/Users/runner/work/jev-chat-jarvis-ios/jev-chat-jarvis-ios/build/dd/Build/Intermediates.noindex/JevJarvis.build/Release-iphoneos/JevJarvis.build/DerivedSources/GeneratedAssetSymbols-Index.plist
/Users/runner/work/jev-chat-jarvis-ios/jev-chat-jarvis-ios/build/dd/Build/Intermediates.noindex/JevJarvis.build/Release-iphoneos/JevJarvis.build/DerivedSources/GeneratedAssetSymbols.h
/Users/runner/work/jev-chat-jarvis-ios/jev-chat-jarvis-ios/build/dd/Build/Intermediates.noindex/JevJarvis.build/Release-iphoneos/JevJarvis.build/DerivedSources/GeneratedAssetSymbols.swift


CompileAssetCatalogVariant thinned /Users/runner/work/jev-chat-jarvis-ios/jev-chat-jarvis-ios/build/dd/Build/Products/Release-iphoneos/JevJarvis.app /Users/runner/work/jev-chat-jarvis-ios/jev-chat-jarvis-ios/App/Assets.xcassets (in target 'JevJarvis' from project 'JevJarvis')
    cd /Users/runner/work/jev-chat-jarvis-ios/jev-chat-jarvis-ios
    /Applications/Xcode_16.4.app/Contents/Developer/usr/bin/actool /Users/runner/work/jev-chat-jarvis-ios/jev-chat-jarvis-ios/App/Assets.xcassets --compile /Users/runner/work/jev-chat-jarvis-ios/jev-chat-jarvis-ios/build/dd/Build/Intermediates.noindex/JevJarvis.build/Release-iphoneos/JevJarvis.build/assetcatalog_output/thinned --output-format human-readable-text --notices --warnings --export-dependency-info /Users/runner/work/jev-chat-jarvis-ios/jev-chat-jarvis-ios/build/dd/Build/Intermediates.noindex/JevJarvis.build/Release-iphoneos/JevJarvis.build/assetcatalog_dependencies_thinned --output-partial-info-plist /Users/runner/work/jev-chat-jarvis-ios/jev-chat-jarvis-ios/build/dd/Build/Intermediates.noindex/JevJarvis.build/Release-iphoneos/JevJarvis.build/assetcatalog_generated_info.plist_thinned --app-icon AppIcon --compress-pngs --enable-on-demand-resources YES --development-region en --target-device iphone --minimum-deployment-target 16.0 --platform iphoneos
/* com.apple.actool.compilation-results */
/Users/runner/work/jev-chat-jarvis-ios/jev-chat-jarvis-ios/build/dd/Build/Intermediates.noindex/JevJarvis.build/Release-iphoneos/JevJarvis.build/assetcatalog_generated_info.plist_thinned
/Users/runner/work/jev-chat-jarvis-ios/jev-chat-jarvis-ios/build/dd/Build/Intermediates.noindex/JevJarvis.build/Release-iphoneos/JevJarvis.build/assetcatalog_output/thinned/AppIcon60x60@2x.png
/Users/runner/work/jev-chat-jarvis-ios/jev-chat-jarvis-ios/build/dd/Build/Intermediates.noindex/JevJarvis.build/Release-iphoneos/JevJarvis.build/assetcatalog_output/thinned/Assets.car


SwiftDriver JevJarvis normal arm64 com.apple.xcode.tools.swift.compiler (in target 'JevJarvis' from project 'JevJarvis')
    cd /Users/runner/work/jev-chat-jarvis-ios/jev-chat-jarvis-ios
    builtin-SwiftDriver -- /Applications/Xcode_16.4.app/Contents/Developer/Toolchains/XcodeDefault.xctoolchain/usr/bin/swiftc -module-name JevJarvis -O -whole-module-optimization -enforce-exclusivity\=checked @/Users/runner/work/jev-chat-jarvis-ios/jev-chat-jarvis-ios/build/dd/Build/Intermediates.noindex/JevJarvis.build/Release-iphoneos/JevJarvis.build/Objects-normal/arm64/JevJarvis.SwiftFileList -enable-bare-slash-regex -enable-experimental-feature DebugDescriptionMacro -sdk /Applications/Xcode_16.4.app/Contents/Developer/Platforms/iPhoneOS.platform/Developer/SDKs/iPhoneOS18.5.sdk -target arm64-apple-ios16.0 -g -module-cache-path /Users/runner/work/jev-chat-jarvis-ios/jev-chat-jarvis-ios/build/dd/ModuleCache.noindex -Xfrontend -serialize-debugging-options -swift-version 5 -I /Users/runner/work/jev-chat-jarvis-ios/jev-chat-jarvis-ios/build/dd/Build/Products/Release-iphoneos -F /Users/runner/work/jev-chat-jarvis-ios/jev-chat-jarvis-ios/build/dd/Build/Products/Release-iphoneos -c -num-threads 3 -Xcc -ivfsstatcache -Xcc /Users/runner/work/jev-chat-jarvis-ios/jev-chat-jarvis-ios/build/dd/SDKStatCaches.noindex/iphoneos18.5-22F76-a529daf784b3616c7c04a36aeb7f5c05.sdkstatcache -output-file-map /Users/runner/work/jev-chat-jarvis-ios/jev-chat-jarvis-ios/build/dd/Build/Intermediates.noindex/JevJarvis.build/Release-iphoneos/JevJarvis.build/Objects-normal/arm64/JevJarvis-OutputFileMap.json -use-frontend-parseable-output -save-temps -no-color-diagnostics -serialize-diagnostics -emit-dependencies -emit-module -emit-module-path /Users/runner/work/jev-chat-jarvis-ios/jev-chat-jarvis-ios/build/dd/Build/Intermediates.noindex/JevJarvis.build/Release-iphoneos/JevJarvis.build/Objects-normal/arm64/JevJarvis.swiftmodule -validate-clang-modules-once -clang-build-session-file /Users/runner/work/jev-chat-jarvis-ios/jev-chat-jarvis-ios/build/dd/ModuleCache.noindex/Session.modulevalidation -Xcc -I/Users/runner/work/jev-chat-jarvis-ios/jev-chat-jarvis-ios/build/dd/Build/Intermediates.noindex/JevJarvis.build/Release-iphoneos/JevJarvis.build/swift-overrides.hmap -emit-const-values -Xfrontend -const-gather-protocols-file -Xfrontend /Users/runner/work/jev-chat-jarvis-ios/jev-chat-jarvis-ios/build/dd/Build/Intermediates.noindex/JevJarvis.build/Release-iphoneos/JevJarvis.build/Objects-normal/arm64/JevJarvis_const_extract_protocols.json -Xcc -iquote -Xcc /Users/runner/work/jev-chat-jarvis-ios/jev-chat-jarvis-ios/build/dd/Build/Intermediates.noindex/JevJarvis.build/Release-iphoneos/JevJarvis.build/JevJarvis-generated-files.hmap -Xcc -I/Users/runner/work/jev-chat-jarvis-ios/jev-chat-jarvis-ios/build/dd/Build/Intermediates.noindex/JevJarvis.build/Release-iphoneos/JevJarvis.build/JevJarvis-own-target-headers.hmap -Xcc -I/Users/runner/work/jev-chat-jarvis-ios/jev-chat-jarvis-ios/build/dd/Build/Intermediates.noindex/JevJarvis.build/Release-iphoneos/JevJarvis.build/JevJarvis-all-target-headers.hmap -Xcc -iquote -Xcc /Users/runner/work/jev-chat-jarvis-ios/jev-chat-jarvis-ios/build/dd/Build/Intermediates.noindex/JevJarvis.build/Release-iphoneos/JevJarvis.build/JevJarvis-project-headers.hmap -Xcc -I/Users/runner/work/jev-chat-jarvis-ios/jev-chat-jarvis-ios/build/dd/Build/Products/Release-iphoneos/include -Xcc -I/Users/runner/work/jev-chat-jarvis-ios/jev-chat-jarvis-ios/build/dd/Build/Intermediates.noindex/JevJarvis.build/Release-iphoneos/JevJarvis.build/DerivedSources-normal/arm64 -Xcc -I/Users/runner/work/jev-chat-jarvis-ios/jev-chat-jarvis-ios/build/dd/Build/Intermediates.noindex/JevJarvis.build/Release-iphoneos/JevJarvis.build/DerivedSources/arm64 -Xcc -I/Users/runner/work/jev-chat-jarvis-ios/jev-chat-jarvis-ios/build/dd/Build/Intermediates.noindex/JevJarvis.build/Release-iphoneos/JevJarvis.build/DerivedSources -emit-objc-header -emit-objc-header-path /Users/runner/work/jev-chat-jarvis-ios/jev-chat-jarvis-ios/build/dd/Build/Intermediates.noindex/JevJarvis.build/Release-iphoneos/JevJarvis.build/Objects-normal/arm64/JevJarvis-Swift.h -working-directory /Users/runner/work/jev-chat-jarvis-ios/jev-chat-jarvis-ios -no-emit-module-separately-wmo

SwiftCompile normal arm64 Compiling\ JevDraft.swift,\ JevHTTP.swift,\ JevJarvisApp.swift,\ JevJudge.swift,\ JevLocalization.swift,\ JevModel.swift,\ JevPipeline.swift,\ JevPrompts.swift,\ PlaygroundView.swift,\ ProvidersView.swift,\ SetupView.swift,\ TonesView.swift,\ GeneratedAssetSymbols.swift /Users/runner/work/jev-chat-jarvis-ios/jev-chat-jarvis-ios/Shared/JevDraft.swift /Users/runner/work/jev-chat-jarvis-ios/jev-chat-jarvis-ios/Shared/JevHTTP.swift /Users/runner/work/jev-chat-jarvis-ios/jev-chat-jarvis-ios/App/Sources/JevJarvisApp.swift /Users/runner/work/jev-chat-jarvis-ios/jev-chat-jarvis-ios/Shared/JevJudge.swift /Users/runner/work/jev-chat-jarvis-ios/jev-chat-jarvis-ios/Shared/JevLocalization.swift /Users/runner/work/jev-chat-jarvis-ios/jev-chat-jarvis-ios/Shared/JevModel.swift /Users/runner/work/jev-chat-jarvis-ios/jev-chat-jarvis-ios/Shared/JevPipeline.swift /Users/runner/work/jev-chat-jarvis-ios/jev-chat-jarvis-ios/Shared/JevPrompts.swift /Users/runner/work/jev-chat-jarvis-ios/jev-chat-jarvis-ios/App/Sources/PlaygroundView.swift /Users/runner/work/jev-chat-jarvis-ios/jev-chat-jarvis-ios/App/Sources/ProvidersView.swift /Users/runner/work/jev-chat-jarvis-ios/jev-chat-jarvis-ios/App/Sources/SetupView.swift /Users/runner/work/jev-chat-jarvis-ios/jev-chat-jarvis-ios/App/Sources/TonesView.swift /Users/runner/work/jev-chat-jarvis-ios/jev-chat-jarvis-ios/build/dd/Build/Intermediates.noindex/JevJarvis.build/Release-iphoneos/JevJarvis.build/DerivedSources/GeneratedAssetSymbols.swift (in target 'JevJarvis' from project 'JevJarvis')
CompileSwift normal arm64 (in target 'JevJarvis' from project 'JevJarvis')
    cd /Users/runner/work/jev-chat-jarvis-ios/jev-chat-jarvis-ios
    

SwiftDriver\ Compilation JevJarvis normal arm64 com.apple.xcode.tools.swift.compiler (in target 'JevJarvis' from project 'JevJarvis')
    cd /Users/runner/work/jev-chat-jarvis-ios/jev-chat-jarvis-ios
    builtin-Swift-Compilation -- /Applications/Xcode_16.4.app/Contents/Developer/Toolchains/XcodeDefault.xctoolchain/usr/bin/swiftc -module-name JevJarvis -O -whole-module-optimization -enforce-exclusivity\=checked @/Users/runner/work/jev-chat-jarvis-ios/jev-chat-jarvis-ios/build/dd/Build/Intermediates.noindex/JevJarvis.build/Release-iphoneos/JevJarvis.build/Objects-normal/arm64/JevJarvis.SwiftFileList -enable-bare-slash-regex -enable-experimental-feature DebugDescriptionMacro -sdk /Applications/Xcode_16.4.app/Contents/Developer/Platforms/iPhoneOS.platform/Developer/SDKs/iPhoneOS18.5.sdk -target arm64-apple-ios16.0 -g -module-cache-path /Users/runner/work/jev-chat-jarvis-ios/jev-chat-jarvis-ios/build/dd/ModuleCache.noindex -Xfrontend -serialize-debugging-options -swift-version 5 -I /Users/runner/work/jev-chat-jarvis-ios/jev-chat-jarvis-ios/build/dd/Build/Products/Release-iphoneos -F /Users/runner/work/jev-chat-jarvis-ios/jev-chat-jarvis-ios/build/dd/Build/Products/Release-iphoneos -c -num-threads 3 -Xcc -ivfsstatcache -Xcc /Users/runner/work/jev-chat-jarvis-ios/jev-chat-jarvis-ios/build/dd/SDKStatCaches.noindex/iphoneos18.5-22F76-a529daf784b3616c7c04a36aeb7f5c05.sdkstatcache -output-file-map /Users/runner/work/jev-chat-jarvis-ios/jev-chat-jarvis-ios/build/dd/Build/Intermediates.noindex/JevJarvis.build/Release-iphoneos/JevJarvis.build/Objects-normal/arm64/JevJarvis-OutputFileMap.json -use-frontend-parseable-output -save-temps -no-color-diagnostics -serialize-diagnostics -emit-dependencies -emit-module -emit-module-path /Users/runner/work/jev-chat-jarvis-ios/jev-chat-jarvis-ios/build/dd/Build/Intermediates.noindex/JevJarvis.build/Release-iphoneos/JevJarvis.build/Objects-normal/arm64/JevJarvis.swiftmodule -validate-clang-modules-once -clang-build-session-file /Users/runner/work/jev-chat-jarvis-ios/jev-chat-jarvis-ios/build/dd/ModuleCache.noindex/Session.modulevalidation -Xcc -I/Users/runner/work/jev-chat-jarvis-ios/jev-chat-jarvis-ios/build/dd/Build/Intermediates.noindex/JevJarvis.build/Release-iphoneos/JevJarvis.build/swift-overrides.hmap -emit-const-values -Xfrontend -const-gather-protocols-file -Xfrontend /Users/runner/work/jev-chat-jarvis-ios/jev-chat-jarvis-ios/build/dd/Build/Intermediates.noindex/JevJarvis.build/Release-iphoneos/JevJarvis.build/Objects-normal/arm64/JevJarvis_const_extract_protocols.json -Xcc -iquote -Xcc /Users/runner/work/jev-chat-jarvis-ios/jev-chat-jarvis-ios/build/dd/Build/Intermediates.noindex/JevJarvis.build/Release-iphoneos/JevJarvis.build/JevJarvis-generated-files.hmap -Xcc -I/Users/runner/work/jev-chat-jarvis-ios/jev-chat-jarvis-ios/build/dd/Build/Intermediates.noindex/JevJarvis.build/Release-iphoneos/JevJarvis.build/JevJarvis-own-target-headers.hmap -Xcc -I/Users/runner/work/jev-chat-jarvis-ios/jev-chat-jarvis-ios/build/dd/Build/Intermediates.noindex/JevJarvis.build/Release-iphoneos/JevJarvis.build/JevJarvis-all-target-headers.hmap -Xcc -iquote -Xcc /Users/runner/work/jev-chat-jarvis-ios/jev-chat-jarvis-ios/build/dd/Build/Intermediates.noindex/JevJarvis.build/Release-iphoneos/JevJarvis.build/JevJarvis-project-headers.hmap -Xcc -I/Users/runner/work/jev-chat-jarvis-ios/jev-chat-jarvis-ios/build/dd/Build/Products/Release-iphoneos/include -Xcc -I/Users/runner/work/jev-chat-jarvis-ios/jev-chat-jarvis-ios/build/dd/Build/Intermediates.noindex/JevJarvis.build/Release-iphoneos/JevJarvis.build/DerivedSources-normal/arm64 -Xcc -I/Users/runner/work/jev-chat-jarvis-ios/jev-chat-jarvis-ios/build/dd/Build/Intermediates.noindex/JevJarvis.build/Release-iphoneos/JevJarvis.build/DerivedSources/arm64 -Xcc -I/Users/runner/work/jev-chat-jarvis-ios/jev-chat-jarvis-ios/build/dd/Build/Intermediates.noindex/JevJarvis.build/Release-iphoneos/JevJarvis.build/DerivedSources -emit-objc-header -emit-objc-header-path /Users/runner/work/jev-chat-jarvis-ios/jev-chat-jarvis-ios/build/dd/Build/Intermediates.noindex/JevJarvis.build/Release-iphoneos/JevJarvis.build/Objects-normal/arm64/JevJarvis-Swift.h -working-directory /Users/runner/work/jev-chat-jarvis-ios/jev-chat-jarvis-ios -no-emit-module-separately-wmo

GenerateDSYMFile /Users/runner/work/jev-chat-jarvis-ios/jev-chat-jarvis-ios/build/dd/Build/Products/Release-iphoneos/JevKeyboard.appex.dSYM /Users/runner/work/jev-chat-jarvis-ios/jev-chat-jarvis-ios/build/dd/Build/Products/Release-iphoneos/JevKeyboard.appex/JevKeyboard (in target 'JevKeyboard' from project 'JevJarvis')
    cd /Users/runner/work/jev-chat-jarvis-ios/jev-chat-jarvis-ios
    /Applications/Xcode_16.4.app/Contents/Developer/Toolchains/XcodeDefault.xctoolchain/usr/bin/dsymutil /Users/runner/work/jev-chat-jarvis-ios/jev-chat-jarvis-ios/build/dd/Build/Products/Release-iphoneos/JevKeyboard.appex/JevKeyboard -o /Users/runner/work/jev-chat-jarvis-ios/jev-chat-jarvis-ios/build/dd/Build/Products/Release-iphoneos/JevKeyboard.appex.dSYM

ExtractAppIntentsMetadata (in target 'JevKeyboard' from project 'JevJarvis')
    cd /Users/runner/work/jev-chat-jarvis-ios/jev-chat-jarvis-ios
    /Applications/Xcode_16.4.app/Contents/Developer/Toolchains/XcodeDefault.xctoolchain/usr/bin/appintentsmetadataprocessor --toolchain-dir /Applications/Xcode_16.4.app/Contents/Developer/Toolchains/XcodeDefault.xctoolchain --module-name JevKeyboard --sdk-root /Applications/Xcode_16.4.app/Contents/Developer/Platforms/iPhoneOS.platform/Developer/SDKs/iPhoneOS18.5.sdk --xcode-version 16F6 --platform-family iOS --deployment-target 16.0 --bundle-identifier com.zx1184781795.jevjarvis.keyboard --output /Users/runner/work/jev-chat-jarvis-ios/jev-chat-jarvis-ios/build/dd/Build/Products/Release-iphoneos/JevKeyboard.appex --target-triple arm64-apple-ios16.0 --binary-file /Users/runner/work/jev-chat-jarvis-ios/jev-chat-jarvis-ios/build/dd/Build/Products/Release-iphoneos/JevKeyboard.appex/JevKeyboard --dependency-file /Users/runner/work/jev-chat-jarvis-ios/jev-chat-jarvis-ios/build/dd/Build/Intermediates.noindex/JevJarvis.build/Release-iphoneos/JevKeyboard.build/Objects-normal/arm64/JevKeyboard_dependency_info.dat --stringsdata-file /Users/runner/work/jev-chat-jarvis-ios/jev-chat-jarvis-ios/build/dd/Build/Intermediates.noindex/JevJarvis.build/Release-iphoneos/JevKeyboard.build/Objects-normal/arm64/ExtractedAppShortcutsMetadata.stringsdata --source-file-list /Users/runner/work/jev-chat-jarvis-ios/jev-chat-jarvis-ios/build/dd/Build/Intermediates.noindex/JevJarvis.build/Release-iphoneos/JevKeyboard.build/Objects-normal/arm64/JevKeyboard.SwiftFileList --metadata-file-list /Users/runner/work/jev-chat-jarvis-ios/jev-chat-jarvis-ios/build/dd/Build/Intermediates.noindex/JevJarvis.build/Release-iphoneos/JevKeyboard.build/JevKeyboard.DependencyMetadataFileList --static-metadata-file-list /Users/runner/work/jev-chat-jarvis-ios/jev-chat-jarvis-ios/build/dd/Build/Intermediates.noindex/JevJarvis.build/Release-iphoneos/JevKeyboard.build/JevKeyboard.DependencyStaticMetadataFileList --swift-const-vals-list /Users/runner/work/jev-chat-jarvis-ios/jev-chat-jarvis-ios/build/dd/Build/Intermediates.noindex/JevJarvis.build/Release-iphoneos/JevKeyboard.build/Objects-normal/arm64/JevKeyboard.SwiftConstValuesFileList --compile-time-extraction --deployment-aware-processing --validate-assistant-intents --no-app-shortcuts-localization
2026-10-01 15:40:29.221 appintentsmetadataprocessor[1767:9118] Starting appintentsmetadataprocessor export
2026-10-01 15:40:29.225 appintentsmetadataprocessor[1767:9118] warning: Metadata extraction skipped. No AppIntents.framework dependency found.

AppIntentsSSUTraining (in target 'JevKeyboard' from project 'JevJarvis')
    cd /Users/runner/work/jev-chat-jarvis-ios/jev-chat-jarvis-ios
    /Applications/Xcode_16.4.app/Contents/Developer/Toolchains/XcodeDefault.xctoolchain/usr/bin/appintentsnltrainingprocessor --infoplist-path /Users/runner/work/jev-chat-jarvis-ios/jev-chat-jarvis-ios/build/dd/Build/Products/Release-iphoneos/JevKeyboard.appex/Info.plist --temp-dir-path /Users/runner/work/jev-chat-jarvis-ios/jev-chat-jarvis-ios/build/dd/Build/Intermediates.noindex/JevJarvis.build/Release-iphoneos/JevKeyboard.build/ssu --bundle-id com.zx1184781795.jevjarvis.keyboard --product-path /Users/runner/work/jev-chat-jarvis-ios/jev-chat-jarvis-ios/build/dd/Build/Products/Release-iphoneos/JevKeyboard.appex --extracted-metadata-path /Users/runner/work/jev-chat-jarvis-ios/jev-chat-jarvis-ios/build/dd/Build/Products/Release-iphoneos/JevKeyboard.appex/Metadata.appintents --metadata-file-list /Users/runner/work/jev-chat-jarvis-ios/jev-chat-jarvis-ios/build/dd/Build/Intermediates.noindex/JevJarvis.build/Release-iphoneos/JevKeyboard.build/JevKeyboard.DependencyMetadataFileList --archive-ssu-assets
2026-10-01 15:40:29.262 appintentsnltrainingprocessor[1768:9125] Parsing options for appintentsnltrainingprocessor
2026-10-01 15:40:29.263 appintentsnltrainingprocessor[1768:9125] No AppShortcuts found - Skipping.

RegisterExecutionPolicyException /Users/runner/work/jev-chat-jarvis-ios/jev-chat-jarvis-ios/build/dd/Build/Products/Release-iphoneos/JevKeyboard.appex (in target 'JevKeyboard' from project 'JevJarvis')
    cd /Users/runner/work/jev-chat-jarvis-ios/jev-chat-jarvis-ios
    builtin-RegisterExecutionPolicyException /Users/runner/work/jev-chat-jarvis-ios/jev-chat-jarvis-ios/build/dd/Build/Products/Release-iphoneos/JevKeyboard.appex

Touch /Users/runner/work/jev-chat-jarvis-ios/jev-chat-jarvis-ios/build/dd/Build/Products/Release-iphoneos/JevKeyboard.appex (in target 'JevKeyboard' from project 'JevJarvis')
    cd /Users/runner/work/jev-chat-jarvis-ios/jev-chat-jarvis-ios
    /usr/bin/touch -c /Users/runner/work/jev-chat-jarvis-ios/jev-chat-jarvis-ios/build/dd/Build/Products/Release-iphoneos/JevKeyboard.appex

LinkAssetCatalog /Users/runner/work/jev-chat-jarvis-ios/jev-chat-jarvis-ios/App/Assets.xcassets (in target 'JevJarvis' from project 'JevJarvis')
    cd /Users/runner/work/jev-chat-jarvis-ios/jev-chat-jarvis-ios
    builtin-linkAssetCatalog --thinned /Users/runner/work/jev-chat-jarvis-ios/jev-chat-jarvis-ios/build/dd/Build/Intermediates.noindex/JevJarvis.build/Release-iphoneos/JevJarvis.build/assetcatalog_output/thinned --thinned-dependencies /Users/runner/work/jev-chat-jarvis-ios/jev-chat-jarvis-ios/build/dd/Build/Intermediates.noindex/JevJarvis.build/Release-iphoneos/JevJarvis.build/assetcatalog_dependencies_thinned --thinned-info-plist-content /Users/runner/work/jev-chat-jarvis-ios/jev-chat-jarvis-ios/build/dd/Build/Intermediates.noindex/JevJarvis.build/Release-iphoneos/JevJarvis.build/assetcatalog_generated_info.plist_thinned --unthinned /Users/runner/work/jev-chat-jarvis-ios/jev-chat-jarvis-ios/build/dd/Build/Intermediates.noindex/JevJarvis.build/Release-iphoneos/JevJarvis.build/assetcatalog_output/unthinned --unthinned-dependencies /Users/runner/work/jev-chat-jarvis-ios/jev-chat-jarvis-ios/build/dd/Build/Intermediates.noindex/JevJarvis.build/Release-iphoneos/JevJarvis.build/assetcatalog_dependencies_unthinned --unthinned-info-plist-content /Users/runner/work/jev-chat-jarvis-ios/jev-chat-jarvis-ios/build/dd/Build/Intermediates.noindex/JevJarvis.build/Release-iphoneos/JevJarvis.build/assetcatalog_generated_info.plist_unthinned --output /Users/runner/work/jev-chat-jarvis-ios/jev-chat-jarvis-ios/build/dd/Build/Products/Release-iphoneos/JevJarvis.app --plist-output /Users/runner/work/jev-chat-jarvis-ios/jev-chat-jarvis-ios/build/dd/Build/Intermediates.noindex/JevJarvis.build/Release-iphoneos/JevJarvis.build/assetcatalog_generated_info.plist
note: Emplaced /Users/runner/work/jev-chat-jarvis-ios/jev-chat-jarvis-ios/build/dd/Build/Products/Release-iphoneos/JevJarvis.app/AppIcon60x60@2x.png (in target 'JevJarvis' from project 'JevJarvis')
note: Emplaced /Users/runner/work/jev-chat-jarvis-ios/jev-chat-jarvis-ios/build/dd/Build/Products/Release-iphoneos/JevJarvis.app/Assets.car (in target 'JevJarvis' from project 'JevJarvis')

SwiftDriverJobDiscovery normal arm64 Compiling JevDraft.swift, JevHTTP.swift, JevJarvisApp.swift, JevJudge.swift, JevLocalization.swift, JevModel.swift, JevPipeline.swift, JevPrompts.swift, PlaygroundView.swift, ProvidersView.swift, SetupView.swift, TonesView.swift, GeneratedAssetSymbols.swift (in target 'JevJarvis' from project 'JevJarvis')

SwiftDriver\ Compilation\ Requirements JevJarvis normal arm64 com.apple.xcode.tools.swift.compiler (in target 'JevJarvis' from project 'JevJarvis')
    cd /Users/runner/work/jev-chat-jarvis-ios/jev-chat-jarvis-ios
    builtin-Swift-Compilation-Requirements -- /Applications/Xcode_16.4.app/Contents/Developer/Toolchains/XcodeDefault.xctoolchain/usr/bin/swiftc -module-name JevJarvis -O -whole-module-optimization -enforce-exclusivity\=checked @/Users/runner/work/jev-chat-jarvis-ios/jev-chat-jarvis-ios/build/dd/Build/Intermediates.noindex/JevJarvis.build/Release-iphoneos/JevJarvis.build/Objects-normal/arm64/JevJarvis.SwiftFileList -enable-bare-slash-regex -enable-experimental-feature DebugDescriptionMacro -sdk /Applications/Xcode_16.4.app/Contents/Developer/Platforms/iPhoneOS.platform/Developer/SDKs/iPhoneOS18.5.sdk -target arm64-apple-ios16.0 -g -module-cache-path /Users/runner/work/jev-chat-jarvis-ios/jev-chat-jarvis-ios/build/dd/ModuleCache.noindex -Xfrontend -serialize-debugging-options -swift-version 5 -I /Users/runner/work/jev-chat-jarvis-ios/jev-chat-jarvis-ios/build/dd/Build/Products/Release-iphoneos -F /Users/runner/work/jev-chat-jarvis-ios/jev-chat-jarvis-ios/build/dd/Build/Products/Release-iphoneos -c -num-threads 3 -Xcc -ivfsstatcache -Xcc /Users/runner/work/jev-chat-jarvis-ios/jev-chat-jarvis-ios/build/dd/SDKStatCaches.noindex/iphoneos18.5-22F76-a529daf784b3616c7c04a36aeb7f5c05.sdkstatcache -output-file-map /Users/runner/work/jev-chat-jarvis-ios/jev-chat-jarvis-ios/build/dd/Build/Intermediates.noindex/JevJarvis.build/Release-iphoneos/JevJarvis.build/Objects-normal/arm64/JevJarvis-OutputFileMap.json -use-frontend-parseable-output -save-temps -no-color-diagnostics -serialize-diagnostics -emit-dependencies -emit-module -emit-module-path /Users/runner/work/jev-chat-jarvis-ios/jev-chat-jarvis-ios/build/dd/Build/Intermediates.noindex/JevJarvis.build/Release-iphoneos/JevJarvis.build/Objects-normal/arm64/JevJarvis.swiftmodule -validate-clang-modules-once -clang-build-session-file /Users/runner/work/jev-chat-jarvis-ios/jev-chat-jarvis-ios/build/dd/ModuleCache.noindex/Session.modulevalidation -Xcc -I/Users/runner/work/jev-chat-jarvis-ios/jev-chat-jarvis-ios/build/dd/Build/Intermediates.noindex/JevJarvis.build/Release-iphoneos/JevJarvis.build/swift-overrides.hmap -emit-const-values -Xfrontend -const-gather-protocols-file -Xfrontend /Users/runner/work/jev-chat-jarvis-ios/jev-chat-jarvis-ios/build/dd/Build/Intermediates.noindex/JevJarvis.build/Release-iphoneos/JevJarvis.build/Objects-normal/arm64/JevJarvis_const_extract_protocols.json -Xcc -iquote -Xcc /Users/runner/work/jev-chat-jarvis-ios/jev-chat-jarvis-ios/build/dd/Build/Intermediates.noindex/JevJarvis.build/Release-iphoneos/JevJarvis.build/JevJarvis-generated-files.hmap -Xcc -I/Users/runner/work/jev-chat-jarvis-ios/jev-chat-jarvis-ios/build/dd/Build/Intermediates.noindex/JevJarvis.build/Release-iphoneos/JevJarvis.build/JevJarvis-own-target-headers.hmap -Xcc -I/Users/runner/work/jev-chat-jarvis-ios/jev-chat-jarvis-ios/build/dd/Build/Intermediates.noindex/JevJarvis.build/Release-iphoneos/JevJarvis.build/JevJarvis-all-target-headers.hmap -Xcc -iquote -Xcc /Users/runner/work/jev-chat-jarvis-ios/jev-chat-jarvis-ios/build/dd/Build/Intermediates.noindex/JevJarvis.build/Release-iphoneos/JevJarvis.build/JevJarvis-project-headers.hmap -Xcc -I/Users/runner/work/jev-chat-jarvis-ios/jev-chat-jarvis-ios/build/dd/Build/Products/Release-iphoneos/include -Xcc -I/Users/runner/work/jev-chat-jarvis-ios/jev-chat-jarvis-ios/build/dd/Build/Intermediates.noindex/JevJarvis.build/Release-iphoneos/JevJarvis.build/DerivedSources-normal/arm64 -Xcc -I/Users/runner/work/jev-chat-jarvis-ios/jev-chat-jarvis-ios/build/dd/Build/Intermediates.noindex/JevJarvis.build/Release-iphoneos/JevJarvis.build/DerivedSources/arm64 -Xcc -I/Users/runner/work/jev-chat-jarvis-ios/jev-chat-jarvis-ios/build/dd/Build/Intermediates.noindex/JevJarvis.build/Release-iphoneos/JevJarvis.build/DerivedSources -emit-objc-header -emit-objc-header-path /Users/runner/work/jev-chat-jarvis-ios/jev-chat-jarvis-ios/build/dd/Build/Intermediates.noindex/JevJarvis.build/Release-iphoneos/JevJarvis.build/Objects-normal/arm64/JevJarvis-Swift.h -working-directory /Users/runner/work/jev-chat-jarvis-ios/jev-chat-jarvis-ios -no-emit-module-separately-wmo

SwiftMergeGeneratedHeaders /Users/runner/work/jev-chat-jarvis-ios/jev-chat-jarvis-ios/build/dd/Build/Intermediates.noindex/JevJarvis.build/Release-iphoneos/JevJarvis.build/DerivedSources/JevJarvis-Swift.h /Users/runner/work/jev-chat-jarvis-ios/jev-chat-jarvis-ios/build/dd/Build/Intermediates.noindex/JevJarvis.build/Release-iphoneos/JevJarvis.build/Objects-normal/arm64/JevJarvis-Swift.h (in target 'JevJarvis' from project 'JevJarvis')
    cd /Users/runner/work/jev-chat-jarvis-ios/jev-chat-jarvis-ios
    builtin-swiftHeaderTool -arch arm64 /Users/runner/work/jev-chat-jarvis-ios/jev-chat-jarvis-ios/build/dd/Build/Intermediates.noindex/JevJarvis.build/Release-iphoneos/JevJarvis.build/Objects-normal/arm64/JevJarvis-Swift.h -o /Users/runner/work/jev-chat-jarvis-ios/jev-chat-jarvis-ios/build/dd/Build/Intermediates.noindex/JevJarvis.build/Release-iphoneos/JevJarvis.build/DerivedSources/JevJarvis-Swift.h

Copy /Users/runner/work/jev-chat-jarvis-ios/jev-chat-jarvis-ios/build/dd/Build/Products/Release-iphoneos/JevJarvis.swiftmodule/arm64-apple-ios.swiftdoc /Users/runner/work/jev-chat-jarvis-ios/jev-chat-jarvis-ios/build/dd/Build/Intermediates.noindex/JevJarvis.build/Release-iphoneos/JevJarvis.build/Objects-normal/arm64/JevJarvis.swiftdoc (in target 'JevJarvis' from project 'JevJarvis')
    cd /Users/runner/work/jev-chat-jarvis-ios/jev-chat-jarvis-ios
    builtin-copy -exclude .DS_Store -exclude CVS -exclude .svn -exclude .git -exclude .hg -resolve-src-symlinks -rename /Users/runner/work/jev-chat-jarvis-ios/jev-chat-jarvis-ios/build/dd/Build/Intermediates.noindex/JevJarvis.build/Release-iphoneos/JevJarvis.build/Objects-normal/arm64/JevJarvis.swiftdoc /Users/runner/work/jev-chat-jarvis-ios/jev-chat-jarvis-ios/build/dd/Build/Products/Release-iphoneos/JevJarvis.swiftmodule/arm64-apple-ios.swiftdoc

Copy /Users/runner/work/jev-chat-jarvis-ios/jev-chat-jarvis-ios/build/dd/Build/Products/Release-iphoneos/JevJarvis.swiftmodule/arm64-apple-ios.swiftmodule /Users/runner/work/jev-chat-jarvis-ios/jev-chat-jarvis-ios/build/dd/Build/Intermediates.noindex/JevJarvis.build/Release-iphoneos/JevJarvis.build/Objects-normal/arm64/JevJarvis.swiftmodule (in target 'JevJarvis' from project 'JevJarvis')
    cd /Users/runner/work/jev-chat-jarvis-ios/jev-chat-jarvis-ios
    builtin-copy -exclude .DS_Store -exclude CVS -exclude .svn -exclude .git -exclude .hg -resolve-src-symlinks -rename /Users/runner/work/jev-chat-jarvis-ios/jev-chat-jarvis-ios/build/dd/Build/Intermediates.noindex/JevJarvis.build/Release-iphoneos/JevJarvis.build/Objects-normal/arm64/JevJarvis.swiftmodule /Users/runner/work/jev-chat-jarvis-ios/jev-chat-jarvis-ios/build/dd/Build/Products/Release-iphoneos/JevJarvis.swiftmodule/arm64-apple-ios.swiftmodule

Copy /Users/runner/work/jev-chat-jarvis-ios/jev-chat-jarvis-ios/build/dd/Build/Products/Release-iphoneos/JevJarvis.swiftmodule/arm64-apple-ios.abi.json /Users/runner/work/jev-chat-jarvis-ios/jev-chat-jarvis-ios/build/dd/Build/Intermediates.noindex/JevJarvis.build/Release-iphoneos/JevJarvis.build/Objects-normal/arm64/JevJarvis.abi.json (in target 'JevJarvis' from project 'JevJarvis')
    cd /Users/runner/work/jev-chat-jarvis-ios/jev-chat-jarvis-ios
    builtin-copy -exclude .DS_Store -exclude CVS -exclude .svn -exclude .git -exclude .hg -resolve-src-symlinks -rename /Users/runner/work/jev-chat-jarvis-ios/jev-chat-jarvis-ios/build/dd/Build/Intermediates.noindex/JevJarvis.build/Release-iphoneos/JevJarvis.build/Objects-normal/arm64/JevJarvis.abi.json /Users/runner/work/jev-chat-jarvis-ios/jev-chat-jarvis-ios/build/dd/Build/Products/Release-iphoneos/JevJarvis.swiftmodule/arm64-apple-ios.abi.json

Copy /Users/runner/work/jev-chat-jarvis-ios/jev-chat-jarvis-ios/build/dd/Build/Products/Release-iphoneos/JevJarvis.swiftmodule/Project/arm64-apple-ios.swiftsourceinfo /Users/runner/work/jev-chat-jarvis-ios/jev-chat-jarvis-ios/build/dd/Build/Intermediates.noindex/JevJarvis.build/Release-iphoneos/JevJarvis.build/Objects-normal/arm64/JevJarvis.swiftsourceinfo (in target 'JevJarvis' from project 'JevJarvis')
    cd /Users/runner/work/jev-chat-jarvis-ios/jev-chat-jarvis-ios
    builtin-copy -exclude .DS_Store -exclude CVS -exclude .svn -exclude .git -exclude .hg -resolve-src-symlinks -rename /Users/runner/work/jev-chat-jarvis-ios/jev-chat-jarvis-ios/build/dd/Build/Intermediates.noindex/JevJarvis.build/Release-iphoneos/JevJarvis.build/Objects-normal/arm64/JevJarvis.swiftsourceinfo /Users/runner/work/jev-chat-jarvis-ios/jev-chat-jarvis-ios/build/dd/Build/Products/Release-iphoneos/JevJarvis.swiftmodule/Project/arm64-apple-ios.swiftsourceinfo

Ld /Users/runner/work/jev-chat-jarvis-ios/jev-chat-jarvis-ios/build/dd/Build/Products/Release-iphoneos/JevJarvis.app/JevJarvis normal (in target 'JevJarvis' from project 'JevJarvis')
    cd /Users/runner/work/jev-chat-jarvis-ios/jev-chat-jarvis-ios
    /Applications/Xcode_16.4.app/Contents/Developer/Toolchains/XcodeDefault.xctoolchain/usr/bin/clang -Xlinker -reproducible -target arm64-apple-ios16.0 -isysroot /Applications/Xcode_16.4.app/Contents/Developer/Platforms/iPhoneOS.platform/Developer/SDKs/iPhoneOS18.5.sdk -Os -L/Users/runner/work/jev-chat-jarvis-ios/jev-chat-jarvis-ios/build/dd/Build/Intermediates.noindex/EagerLinkingTBDs/Release-iphoneos -L/Users/runner/work/jev-chat-jarvis-ios/jev-chat-jarvis-ios/build/dd/Build/Products/Release-iphoneos -F/Users/runner/work/jev-chat-jarvis-ios/jev-chat-jarvis-ios/build/dd/Build/Intermediates.noindex/EagerLinkingTBDs/Release-iphoneos -F/Users/runner/work/jev-chat-jarvis-ios/jev-chat-jarvis-ios/build/dd/Build/Products/Release-iphoneos -filelist /Users/runner/work/jev-chat-jarvis-ios/jev-chat-jarvis-ios/build/dd/Build/Intermediates.noindex/JevJarvis.build/Release-iphoneos/JevJarvis.build/Objects-normal/arm64/JevJarvis.LinkFileList -Xlinker -rpath -Xlinker @executable_path/Frameworks -dead_strip -Xlinker -object_path_lto -Xlinker /Users/runner/work/jev-chat-jarvis-ios/jev-chat-jarvis-ios/build/dd/Build/Intermediates.noindex/JevJarvis.build/Release-iphoneos/JevJarvis.build/Objects-normal/arm64/JevJarvis_lto.o -Xlinker -dependency_info -Xlinker /Users/runner/work/jev-chat-jarvis-ios/jev-chat-jarvis-ios/build/dd/Build/Intermediates.noindex/JevJarvis.build/Release-iphoneos/JevJarvis.build/Objects-normal/arm64/JevJarvis_dependency_info.dat -fobjc-link-runtime -L/Applications/Xcode_16.4.app/Contents/Developer/Toolchains/XcodeDefault.xctoolchain/usr/lib/swift/iphoneos -L/usr/lib/swift -Xlinker -add_ast_path -Xlinker /Users/runner/work/jev-chat-jarvis-ios/jev-chat-jarvis-ios/build/dd/Build/Intermediates.noindex/JevJarvis.build/Release-iphoneos/JevJarvis.build/Objects-normal/arm64/JevJarvis.swiftmodule -o /Users/runner/work/jev-chat-jarvis-ios/jev-chat-jarvis-ios/build/dd/Build/Products/Release-iphoneos/JevJarvis.app/JevJarvis

Copy /Users/runner/work/jev-chat-jarvis-ios/jev-chat-jarvis-ios/build/dd/Build/Products/Release-iphoneos/JevJarvis.app/PlugIns/JevKeyboard.appex /Users/runner/work/jev-chat-jarvis-ios/jev-chat-jarvis-ios/build/dd/Build/Products/Release-iphoneos/JevKeyboard.appex (in target 'JevJarvis' from project 'JevJarvis')
    cd /Users/runner/work/jev-chat-jarvis-ios/jev-chat-jarvis-ios
    builtin-copy -exclude .DS_Store -exclude CVS -exclude .svn -exclude .git -exclude .hg -exclude Headers -exclude PrivateHeaders -exclude Modules -exclude \*.tbd -resolve-src-symlinks -remove-static-executable /Users/runner/work/jev-chat-jarvis-ios/jev-chat-jarvis-ios/build/dd/Build/Products/Release-iphoneos/JevKeyboard.appex /Users/runner/work/jev-chat-jarvis-ios/jev-chat-jarvis-ios/build/dd/Build/Products/Release-iphoneos/JevJarvis.app/PlugIns

ProcessInfoPlistFile /Users/runner/work/jev-chat-jarvis-ios/jev-chat-jarvis-ios/build/dd/Build/Products/Release-iphoneos/JevJarvis.app/Info.plist /Users/runner/work/jev-chat-jarvis-ios/jev-chat-jarvis-ios/App/Info.plist (in target 'JevJarvis' from project 'JevJarvis')
    cd /Users/runner/work/jev-chat-jarvis-ios/jev-chat-jarvis-ios
    builtin-infoPlistUtility /Users/runner/work/jev-chat-jarvis-ios/jev-chat-jarvis-ios/App/Info.plist -producttype com.apple.product-type.application -genpkginfo /Users/runner/work/jev-chat-jarvis-ios/jev-chat-jarvis-ios/build/dd/Build/Products/Release-iphoneos/JevJarvis.app/PkgInfo -expandbuildsettings -format binary -platform iphoneos -additionalcontentfile /Users/runner/work/jev-chat-jarvis-ios/jev-chat-jarvis-ios/build/dd/Build/Intermediates.noindex/JevJarvis.build/Release-iphoneos/JevJarvis.build/assetcatalog_generated_info.plist -scanforprivacyfile /Users/runner/work/jev-chat-jarvis-ios/jev-chat-jarvis-ios/build/dd/Build/Products/Release-iphoneos/JevJarvis.app/PlugIns/JevKeyboard.appex -requiredArchitecture arm64 -o /Users/runner/work/jev-chat-jarvis-ios/jev-chat-jarvis-ios/build/dd/Build/Products/Release-iphoneos/JevJarvis.app/Info.plist

ExtractAppIntentsMetadata (in target 'JevJarvis' from project 'JevJarvis')
    cd /Users/runner/work/jev-chat-jarvis-ios/jev-chat-jarvis-ios
    /Applications/Xcode_16.4.app/Contents/Developer/Toolchains/XcodeDefault.xctoolchain/usr/bin/appintentsmetadataprocessor --toolchain-dir /Applications/Xcode_16.4.app/Contents/Developer/Toolchains/XcodeDefault.xctoolchain --module-name JevJarvis --sdk-root /Applications/Xcode_16.4.app/Contents/Developer/Platforms/iPhoneOS.platform/Developer/SDKs/iPhoneOS18.5.sdk --xcode-version 16F6 --platform-family iOS --deployment-target 16.0 --bundle-identifier com.zx1184781795.jevjarvis --output /Users/runner/work/jev-chat-jarvis-ios/jev-chat-jarvis-ios/build/dd/Build/Products/Release-iphoneos/JevJarvis.app --target-triple arm64-apple-ios16.0 --binary-file /Users/runner/work/jev-chat-jarvis-ios/jev-chat-jarvis-ios/build/dd/Build/Products/Release-iphoneos/JevJarvis.app/JevJarvis --dependency-file /Users/runner/work/jev-chat-jarvis-ios/jev-chat-jarvis-ios/build/dd/Build/Intermediates.noindex/JevJarvis.build/Release-iphoneos/JevJarvis.build/Objects-normal/arm64/JevJarvis_dependency_info.dat --stringsdata-file /Users/runner/work/jev-chat-jarvis-ios/jev-chat-jarvis-ios/build/dd/Build/Intermediates.noindex/JevJarvis.build/Release-iphoneos/JevJarvis.build/Objects-normal/arm64/ExtractedAppShortcutsMetadata.stringsdata --source-file-list /Users/runner/work/jev-chat-jarvis-ios/jev-chat-jarvis-ios/build/dd/Build/Intermediates.noindex/JevJarvis.build/Release-iphoneos/JevJarvis.build/Objects-normal/arm64/JevJarvis.SwiftFileList --metadata-file-list /Users/runner/work/jev-chat-jarvis-ios/jev-chat-jarvis-ios/build/dd/Build/Intermediates.noindex/JevJarvis.build/Release-iphoneos/JevJarvis.build/JevJarvis.DependencyMetadataFileList --static-metadata-file-list /Users/runner/work/jev-chat-jarvis-ios/jev-chat-jarvis-ios/build/dd/Build/Intermediates.noindex/JevJarvis.build/Release-iphoneos/JevJarvis.build/JevJarvis.DependencyStaticMetadataFileList --swift-const-vals-list /Users/runner/work/jev-chat-jarvis-ios/jev-chat-jarvis-ios/build/dd/Build/Intermediates.noindex/JevJarvis.build/Release-iphoneos/JevJarvis.build/Objects-normal/arm64/JevJarvis.SwiftConstValuesFileList --compile-time-extraction --deployment-aware-processing --validate-assistant-intents --no-app-shortcuts-localization
2026-10-01 15:40:44.413 appintentsmetadataprocessor[1932:9702] Starting appintentsmetadataprocessor export
2026-10-01 15:40:44.416 appintentsmetadataprocessor[1932:9702] warning: Metadata extraction skipped. No AppIntents.framework dependency found.

CopySwiftLibs /Users/runner/work/jev-chat-jarvis-ios/jev-chat-jarvis-ios/build/dd/Build/Products/Release-iphoneos/JevJarvis.app (in target 'JevJarvis' from project 'JevJarvis')
    cd /Users/runner/work/jev-chat-jarvis-ios/jev-chat-jarvis-ios
    builtin-swiftStdLibTool --copy --verbose --scan-executable /Users/runner/work/jev-chat-jarvis-ios/jev-chat-jarvis-ios/build/dd/Build/Products/Release-iphoneos/JevJarvis.app/JevJarvis --scan-folder /Users/runner/work/jev-chat-jarvis-ios/jev-chat-jarvis-ios/build/dd/Build/Products/Release-iphoneos/JevJarvis.app/Frameworks --scan-folder /Users/runner/work/jev-chat-jarvis-ios/jev-chat-jarvis-ios/build/dd/Build/Products/Release-iphoneos/JevJarvis.app/PlugIns --scan-folder /Users/runner/work/jev-chat-jarvis-ios/jev-chat-jarvis-ios/build/dd/Build/Products/Release-iphoneos/JevJarvis.app/SystemExtensions --scan-folder /Users/runner/work/jev-chat-jarvis-ios/jev-chat-jarvis-ios/build/dd/Build/Products/Release-iphoneos/JevJarvis.app/Extensions --platform iphoneos --toolchain /Applications/Xcode_16.4.app/Contents/Developer/Toolchains/XcodeDefault.xctoolchain --destination /Users/runner/work/jev-chat-jarvis-ios/jev-chat-jarvis-ios/build/dd/Build/Products/Release-iphoneos/JevJarvis.app/Frameworks --strip-bitcode --strip-bitcode-tool /Applications/Xcode_16.4.app/Contents/Developer/Toolchains/XcodeDefault.xctoolchain/usr/bin/bitcode_strip --emit-dependency-info /Users/runner/work/jev-chat-jarvis-ios/jev-chat-jarvis-ios/build/dd/Build/Intermediates.noindex/JevJarvis.build/Release-iphoneos/JevJarvis.build/SwiftStdLibToolInputDependencies.dep --filter-for-swift-os
Ignoring --strip-bitcode because --sign was not passed

ValidateEmbeddedBinary /Users/runner/work/jev-chat-jarvis-ios/jev-chat-jarvis-ios/build/dd/Build/Products/Release-iphoneos/JevJarvis.app/PlugIns/JevKeyboard.appex (in target 'JevJarvis' from project 'JevJarvis')
    cd /Users/runner/work/jev-chat-jarvis-ios/jev-chat-jarvis-ios
    /Applications/Xcode_16.4.app/Contents/Developer/usr/bin/embeddedBinaryValidationUtility /Users/runner/work/jev-chat-jarvis-ios/jev-chat-jarvis-ios/build/dd/Build/Products/Release-iphoneos/JevJarvis.app/PlugIns/JevKeyboard.appex -info-plist-path /Users/runner/work/jev-chat-jarvis-ios/jev-chat-jarvis-ios/build/dd/Build/Products/Release-iphoneos/JevJarvis.app/Info.plist

GenerateDSYMFile /Users/runner/work/jev-chat-jarvis-ios/jev-chat-jarvis-ios/build/dd/Build/Products/Release-iphoneos/JevJarvis.app.dSYM /Users/runner/work/jev-chat-jarvis-ios/jev-chat-jarvis-ios/build/dd/Build/Products/Release-iphoneos/JevJarvis.app/JevJarvis (in target 'JevJarvis' from project 'JevJarvis')
    cd /Users/runner/work/jev-chat-jarvis-ios/jev-chat-jarvis-ios
    /Applications/Xcode_16.4.app/Contents/Developer/Toolchains/XcodeDefault.xctoolchain/usr/bin/dsymutil /Users/runner/work/jev-chat-jarvis-ios/jev-chat-jarvis-ios/build/dd/Build/Products/Release-iphoneos/JevJarvis.app/JevJarvis -o /Users/runner/work/jev-chat-jarvis-ios/jev-chat-jarvis-ios/build/dd/Build/Products/Release-iphoneos/JevJarvis.app.dSYM

AppIntentsSSUTraining (in target 'JevJarvis' from project 'JevJarvis')
    cd /Users/runner/work/jev-chat-jarvis-ios/jev-chat-jarvis-ios
    /Applications/Xcode_16.4.app/Contents/Developer/Toolchains/XcodeDefault.xctoolchain/usr/bin/appintentsnltrainingprocessor --infoplist-path /Users/runner/work/jev-chat-jarvis-ios/jev-chat-jarvis-ios/build/dd/Build/Products/Release-iphoneos/JevJarvis.app/Info.plist --temp-dir-path /Users/runner/work/jev-chat-jarvis-ios/jev-chat-jarvis-ios/build/dd/Build/Intermediates.noindex/JevJarvis.build/Release-iphoneos/JevJarvis.build/ssu --bundle-id com.zx1184781795.jevjarvis --product-path /Users/runner/work/jev-chat-jarvis-ios/jev-chat-jarvis-ios/build/dd/Build/Products/Release-iphoneos/JevJarvis.app --extracted-metadata-path /Users/runner/work/jev-chat-jarvis-ios/jev-chat-jarvis-ios/build/dd/Build/Products/Release-iphoneos/JevJarvis.app/Metadata.appintents --metadata-file-list /Users/runner/work/jev-chat-jarvis-ios/jev-chat-jarvis-ios/build/dd/Build/Intermediates.noindex/JevJarvis.build/Release-iphoneos/JevJarvis.build/JevJarvis.DependencyMetadataFileList --archive-ssu-assets
2026-10-01 15:40:44.634 appintentsnltrainingprocessor[1935:9707] Parsing options for appintentsnltrainingprocessor
2026-10-01 15:40:44.635 appintentsnltrainingprocessor[1935:9707] No AppShortcuts found - Skipping.

RegisterExecutionPolicyException /Users/runner/work/jev-chat-jarvis-ios/jev-chat-jarvis-ios/build/dd/Build/Products/Release-iphoneos/JevJarvis.app (in target 'JevJarvis' from project 'JevJarvis')
    cd /Users/runner/work/jev-chat-jarvis-ios/jev-chat-jarvis-ios
    builtin-RegisterExecutionPolicyException /Users/runner/work/jev-chat-jarvis-ios/jev-chat-jarvis-ios/build/dd/Build/Products/Release-iphoneos/JevJarvis.app

Validate /Users/runner/work/jev-chat-jarvis-ios/jev-chat-jarvis-ios/build/dd/Build/Products/Release-iphoneos/JevJarvis.app (in target 'JevJarvis' from project 'JevJarvis')
    cd /Users/runner/work/jev-chat-jarvis-ios/jev-chat-jarvis-ios
    builtin-validationUtility /Users/runner/work/jev-chat-jarvis-ios/jev-chat-jarvis-ios/build/dd/Build/Products/Release-iphoneos/JevJarvis.app -infoplist-subpath Info.plist

Touch /Users/runner/work/jev-chat-jarvis-ios/jev-chat-jarvis-ios/build/dd/Build/Products/Release-iphoneos/JevJarvis.app (in target 'JevJarvis' from project 'JevJarvis')
    cd /Users/runner/work/jev-chat-jarvis-ios/jev-chat-jarvis-ios
    /usr/bin/touch -c /Users/runner/work/jev-chat-jarvis-ios/jev-chat-jarvis-ios/build/dd/Build/Products/Release-iphoneos/JevJarvis.app

note: Disabling previews because SWIFT_VERSION is set and SWIFT_OPTIMIZATION_LEVEL=-O, expected -Onone (in target 'JevKeyboard' from project 'JevJarvis')
note: Disabling previews because SWIFT_VERSION is set and SWIFT_OPTIMIZATION_LEVEL=-O, expected -Onone (in target 'JevJarvis' from project 'JevJarvis')
** BUILD SUCCEEDED **

>>> 结果：编译成功（-scheme 主命令）

>>> builds 分支推送: OK (run=36886015285 sha=7bc45c90)
To https://github.com/zx1184781795/jev-chat-jarvis-ios.git
 + f869401...53073c6 builds -> builds (forced update)
